Archive member included to satisfy reference by file (symbol)

/opt/st/stm32cubeide_1.15.0/plugins/com.st.stm32cube.ide.mcu.externaltools.gnu-tools-for-stm32.12.3.rel1.linux64_1.0.100.202403111256/tools/bin/../lib/gcc/arm-none-eabi/12.3.1/../../../../arm-none-eabi/lib/thumb/v7e-m+fp/hard/libc_nano.a(libc_a-exit.o)
                              /opt/st/stm32cubeide_1.15.0/plugins/com.st.stm32cube.ide.mcu.externaltools.gnu-tools-for-stm32.12.3.rel1.linux64_1.0.100.202403111256/tools/bin/../lib/gcc/arm-none-eabi/12.3.1/../../../../arm-none-eabi/lib/thumb/v7e-m+fp/hard/crt0.o (exit)
/opt/st/stm32cubeide_1.15.0/plugins/com.st.stm32cube.ide.mcu.externaltools.gnu-tools-for-stm32.12.3.rel1.linux64_1.0.100.202403111256/tools/bin/../lib/gcc/arm-none-eabi/12.3.1/../../../../arm-none-eabi/lib/thumb/v7e-m+fp/hard/libc_nano.a(libc_a-findfp.o)
                              ./thirdparty/FreeRTOS/tasks.o (__sf)
/opt/st/stm32cubeide_1.15.0/plugins/com.st.stm32cube.ide.mcu.externaltools.gnu-tools-for-stm32.12.3.rel1.linux64_1.0.100.202403111256/tools/bin/../lib/gcc/arm-none-eabi/12.3.1/../../../../arm-none-eabi/lib/thumb/v7e-m+fp/hard/libc_nano.a(libc_a-fwalk.o)
                              /opt/st/stm32cubeide_1.15.0/plugins/com.st.stm32cube.ide.mcu.externaltools.gnu-tools-for-stm32.12.3.rel1.linux64_1.0.100.202403111256/tools/bin/../lib/gcc/arm-none-eabi/12.3.1/../../../../arm-none-eabi/lib/thumb/v7e-m+fp/hard/libc_nano.a(libc_a-findfp.o) (_fwalk_sglue)
/opt/st/stm32cubeide_1.15.0/plugins/com.st.stm32cube.ide.mcu.externaltools.gnu-tools-for-stm32.12.3.rel1.linux64_1.0.100.202403111256/tools/bin/../lib/gcc/arm-none-eabi/12.3.1/../../../../arm-none-eabi/lib/thumb/v7e-m+fp/hard/libc_nano.a(libc_a-stdio.o)
                              /opt/st/stm32cubeide_1.15.0/plugins/com.st.stm32cube.ide.mcu.externaltools.gnu-tools-for-stm32.12.3.rel1.linux64_1.0.100.202403111256/tools/bin/../lib/gcc/arm-none-eabi/12.3.1/../../../../arm-none-eabi/lib/thumb/v7e-m+fp/hard/libc_nano.a(libc_a-findfp.o) (__sread)
/opt/st/stm32cubeide_1.15.0/plugins/com.st.stm32cube.ide.mcu.externaltools.gnu-tools-for-stm32.12.3.rel1.linux64_1.0.100.202403111256/tools/bin/../lib/gcc/arm-none-eabi/12.3.1/../../../../arm-none-eabi/lib/thumb/v7e-m+fp/hard/libc_nano.a(libc_a-memset.o)
                              /opt/st/stm32cubeide_1.15.0/plugins/com.st.stm32cube.ide.mcu.externaltools.gnu-tools-for-stm32.12.3.rel1.linux64_1.0.100.202403111256/tools/bin/../lib/gcc/arm-none-eabi/12.3.1/../../../../arm-none-eabi/lib/thumb/v7e-m+fp/hard/crt0.o (memset)
/opt/st/stm32cubeide_1.15.0/plugins/com.st.stm32cube.ide.mcu.externaltools.gnu-tools-for-stm32.12.3.rel1.linux64_1.0.100.202403111256/tools/bin/../lib/gcc/arm-none-eabi/12.3.1/../../../../arm-none-eabi/lib/thumb/v7e-m+fp/hard/libc_nano.a(libc_a-closer.o)
                              /opt/st/stm32cubeide_1.15.0/plugins/com.st.stm32cube.ide.mcu.externaltools.gnu-tools-for-stm32.12.3.rel1.linux64_1.0.100.202403111256/tools/bin/../lib/gcc/arm-none-eabi/12.3.1/../../../../arm-none-eabi/lib/thumb/v7e-m+fp/hard/libc_nano.a(libc_a-stdio.o) (_close_r)
/opt/st/stm32cubeide_1.15.0/plugins/com.st.stm32cube.ide.mcu.externaltools.gnu-tools-for-stm32.12.3.rel1.linux64_1.0.100.202403111256/tools/bin/../lib/gcc/arm-none-eabi/12.3.1/../../../../arm-none-eabi/lib/thumb/v7e-m+fp/hard/libc_nano.a(libc_a-reent.o)
                              ./thirdparty/FreeRTOS/tasks.o (_reclaim_reent)
/opt/st/stm32cubeide_1.15.0/plugins/com.st.stm32cube.ide.mcu.externaltools.gnu-tools-for-stm32.12.3.rel1.linux64_1.0.100.202403111256/tools/bin/../lib/gcc/arm-none-eabi/12.3.1/../../../../arm-none-eabi/lib/thumb/v7e-m+fp/hard/libc_nano.a(libc_a-impure.o)
                              ./thirdparty/FreeRTOS/tasks.o (_impure_ptr)
/opt/st/stm32cubeide_1.15.0/plugins/com.st.stm32cube.ide.mcu.externaltools.gnu-tools-for-stm32.12.3.rel1.linux64_1.0.100.202403111256/tools/bin/../lib/gcc/arm-none-eabi/12.3.1/../../../../arm-none-eabi/lib/thumb/v7e-m+fp/hard/libc_nano.a(libc_a-lseekr.o)
                              /opt/st/stm32cubeide_1.15.0/plugins/com.st.stm32cube.ide.mcu.externaltools.gnu-tools-for-stm32.12.3.rel1.linux64_1.0.100.202403111256/tools/bin/../lib/gcc/arm-none-eabi/12.3.1/../../../../arm-none-eabi/lib/thumb/v7e-m+fp/hard/libc_nano.a(libc_a-stdio.o) (_lseek_r)
/opt/st/stm32cubeide_1.15.0/plugins/com.st.stm32cube.ide.mcu.externaltools.gnu-tools-for-stm32.12.3.rel1.linux64_1.0.100.202403111256/tools/bin/../lib/gcc/arm-none-eabi/12.3.1/../../../../arm-none-eabi/lib/thumb/v7e-m+fp/hard/libc_nano.a(libc_a-readr.o)
                              /opt/st/stm32cubeide_1.15.0/plugins/com.st.stm32cube.ide.mcu.externaltools.gnu-tools-for-stm32.12.3.rel1.linux64_1.0.100.202403111256/tools/bin/../lib/gcc/arm-none-eabi/12.3.1/../../../../arm-none-eabi/lib/thumb/v7e-m+fp/hard/libc_nano.a(libc_a-stdio.o) (_read_r)
[...]
Memory Configuration

Name             Origin             Length             Attributes
CCMRAM           0x10000000         0x00010000         xrw
RAM              0x20000000         0x00020000         xrw
FLASH            0x08000000         0x00100000         xr
*default*        0x00000000         0xffffffff

Linker script and memory map

LOAD /opt/st/stm32cubeide_1.15.0/plugins/com.st.stm32cube.ide.mcu.externaltools.gnu-tools-for-stm32.12.3.rel1.linux64_1.0.100.202403111256/tools/bin/../lib/gcc/arm-none-eabi/12.3.1/thumb/v7e-m+fp/hard/crti.o
LOAD /opt/st/stm32cubeide_1.15.0/plugins/com.st.stm32cube.ide.mcu.externaltools.gnu-tools-for-stm32.12.3.rel1.linux64_1.0.100.202403111256/tools/bin/../lib/gcc/arm-none-eabi/12.3.1/thumb/v7e-m+fp/hard/crtbegin.o
LOAD /opt/st/stm32cubeide_1.15.0/plugins/com.st.stm32cube.ide.mcu.externaltools.gnu-tools-for-stm32.12.3.rel1.linux64_1.0.100.202403111256/tools/bin/../lib/gcc/arm-none-eabi/12.3.1/../../../../arm-none-eabi/lib/thumb/v7e-m+fp/hard/crt0.o
LOAD ./Src/itm.o
LOAD ./Src/main.o
LOAD ./Src/syscalls.o
LOAD ./Src/sysmem.o
LOAD ./Src/system_stm32f4xx.o
LOAD ./Src/uart.o
LOAD ./Startup/startup_stm32f407vgtx.o
LOAD ./thirdparty/FreeRTOS/croutine.o
LOAD ./thirdparty/FreeRTOS/event_groups.o
LOAD ./thirdparty/FreeRTOS/list.o
LOAD ./thirdparty/FreeRTOS/queue.o
LOAD ./thirdparty/FreeRTOS/stream_buffer.o
LOAD ./thirdparty/FreeRTOS/tasks.o
LOAD ./thirdparty/FreeRTOS/timers.o
LOAD ./thirdparty/FreeRTOS/portable/GCC/ARM_CM4F/port.o
LOAD ./thirdparty/FreeRTOS/portable/MemMang/heap_4.o
START GROUP
LOAD /opt/st/stm32cubeide_1.15.0/plugins/com.st.stm32cube.ide.mcu.externaltools.gnu-tools-for-stm32.12.3.rel1.linux64_1.0.100.202403111256/tools/bin/../lib/gcc/arm-none-eabi/12.3.1/../../../../arm-none-eabi/lib/thumb/v7e-m+fp/hard/libc_nano.a
LOAD /opt/st/stm32cubeide_1.15.0/plugins/com.st.stm32cube.ide.mcu.externaltools.gnu-tools-for-stm32.12.3.rel1.linux64_1.0.100.202403111256/tools/bin/../lib/gcc/arm-none-eabi/12.3.1/../../../../arm-none-eabi/lib/thumb/v7e-m+fp/hard/libm.a
END GROUP
START GROUP
LOAD /opt/st/stm32cubeide_1.15.0/plugins/com.st.stm32cube.ide.mcu.externaltools.gnu-tools-for-stm32.12.3.rel1.linux64_1.0.100.202403111256/tools/bin/../lib/gcc/arm-none-eabi/12.3.1/thumb/v7e-m+fp/hard/libgcc.a
LOAD /opt/st/stm32cubeide_1.15.0/plugins/com.st.stm32cube.ide.mcu.externaltools.gnu-tools-for-stm32.12.3.rel1.linux64_1.0.100.202403111256/tools/bin/../lib/gcc/arm-none-eabi/12.3.1/../../../../arm-none-eabi/lib/thumb/v7e-m+fp/hard/libc_nano.a
END GROUP
START GROUP
LOAD /opt/st/stm32cubeide_1.15.0/plugins/com.st.stm32cube.ide.mcu.externaltools.gnu-tools-for-stm32.12.3.rel1.linux64_1.0.100.202403111256/tools/bin/../lib/gcc/arm-none-eabi/12.3.1/thumb/v7e-m+fp/hard/libgcc.a
LOAD /opt/st/stm32cubeide_1.15.0/plugins/com.st.stm32cube.ide.mcu.externaltools.gnu-tools-for-stm32.12.3.rel1.linux64_1.0.100.202403111256/tools/bin/../lib/gcc/arm-none-eabi/12.3.1/../../../../arm-none-eabi/lib/thumb/v7e-m+fp/hard/libc_nano.a
LOAD /opt/st/stm32cubeide_1.15.0/plugins/com.st.stm32cube.ide.mcu.externaltools.gnu-tools-for-stm32.12.3.rel1.linux64_1.0.100.202403111256/tools/bin/../lib/gcc/arm-none-eabi/12.3.1/../../../../arm-none-eabi/lib/thumb/v7e-m+fp/hard/libnosys.a
END GROUP
START GROUP
LOAD /opt/st/stm32cubeide_1.15.0/plugins/com.st.stm32cube.ide.mcu.externaltools.gnu-tools-for-stm32.12.3.rel1.linux64_1.0.100.202403111256/tools/bin/../lib/gcc/arm-none-eabi/12.3.1/thumb/v7e-m+fp/hard/libgcc.a
LOAD /opt/st/stm32cubeide_1.15.0/plugins/com.st.stm32cube.ide.mcu.externaltools.gnu-tools-for-stm32.12.3.rel1.linux64_1.0.100.202403111256/tools/bin/../lib/gcc/arm-none-eabi/12.3.1/../../../../arm-none-eabi/lib/thumb/v7e-m+fp/hard/libc_nano.a
LOAD /opt/st/stm32cubeide_1.15.0/plugins/com.st.stm32cube.ide.mcu.externaltools.gnu-tools-for-stm32.12.3.rel1.linux64_1.0.100.202403111256/tools/bin/../lib/gcc/arm-none-eabi/12.3.1/../../../../arm-none-eabi/lib/thumb/v7e-m+fp/hard/libnosys.a
END GROUP
LOAD /opt/st/stm32cubeide_1.15.0/plugins/com.st.stm32cube.ide.mcu.externaltools.gnu-tools-for-stm32.12.3.rel1.linux64_1.0.100.202403111256/tools/bin/../lib/gcc/arm-none-eabi/12.3.1/thumb/v7e-m+fp/hard/crtend.o
LOAD /opt/st/stm32cubeide_1.15.0/plugins/com.st.stm32cube.ide.mcu.externaltools.gnu-tools-for-stm32.12.3.rel1.linux64_1.0.100.202403111256/tools/bin/../lib/gcc/arm-none-eabi/12.3.1/thumb/v7e-m+fp/hard/crtn.o
                0x20020000                        _estack = (ORIGIN (RAM) + LENGTH (RAM))
                0x00000200                        _Min_Heap_Size = 0x200
                0x00000400                        _Min_Stack_Size = 0x400

.isr_vector     0x08000000      0x188
                0x08000000                        . = ALIGN (0x4)
 *(.isr_vector)
 .isr_vector    0x08000000      0x188 ./Startup/startup_stm32f407vgtx.o
                0x08000000                g_pfnVectors
                0x08000188                        . = ALIGN (0x4)

.text           0x08000190     0x1834
                0x08000190                        . = ALIGN (0x4)
 *(.text)
 .text          0x08000190       0x40 /opt/st/stm32cubeide_1.15.0/plugins/com.st.stm32cube.ide.mcu.externaltools.gnu-tools-for-stm32.12.3.rel1.linux64_1.0.100.202403111256/tools/bin/../lib/gcc/arm-none-eabi/12.3.1/thumb/v7e-m+fp/hard/crtbegin.o
 *(.text*)
 .text.vAperiodicUART
                0x080001d0       0x28 ./Src/main.o
                0x080001d0                vAperiodicUART
 .text.main     0x080001f8       0x38 ./Src/main.o
                0x080001f8                main
 .text.SystemInit
                0x08000230       0x20 ./Src/system_stm32f4xx.o
                0x08000230                SystemInit
 .text.DWT_Init
                0x08000250       0x60 ./Src/system_stm32f4xx.o
                0x08000250                DWT_Init
 .text.__NVIC_EnableIRQ
                0x080002b0       0x3c ./Src/uart.o
 .text.UartInit
                0x080002ec       0xe0 ./Src/uart.o
                0x080002ec                UartInit
 .text.UartPuts
                0x080003cc       0x68 ./Src/uart.o
                0x080003cc                UartPuts
 .text.USART2_IRQHandler
                0x08000434       0x70 ./Src/uart.o
                0x08000434                USART2_IRQHandler
 .text.Reset_Handler
                0x080004a4       0x50 ./Startup/startup_stm32f407vgtx.o
                0x080004a4                Reset_Handler
 .text.Default_Handler
                0x080004f4        0x2 ./Startup/startup_stm32f407vgtx.o
                0x080004f4                RTC_Alarm_IRQHandler
                0x080004f4                HASH_RNG_IRQHandler
                0x080004f4                EXTI2_IRQHandler
                0x080004f4                TIM8_CC_IRQHandler
                0x080004f4                DebugMon_Handler
                0x080004f4                TIM1_CC_IRQHandler
                0x080004f4                DMA2_Stream5_IRQHandler
                0x080004f4                HardFault_Handler
                0x080004f4                DMA1_Stream5_IRQHandler
                0x080004f4                PVD_IRQHandler
                0x080004f4                SDIO_IRQHandler
                0x080004f4                TAMP_STAMP_IRQHandler
                0x080004f4                NMI_Handler
                0x080004f4                CAN2_RX1_IRQHandler
                0x080004f4                EXTI3_IRQHandler
                0x080004f4                TIM8_TRG_COM_TIM14_IRQHandler
                0x080004f4                TIM1_UP_TIM10_IRQHandler
                0x080004f4                TIM8_UP_TIM13_IRQHandler
                0x080004f4                I2C3_ER_IRQHandler
                0x080004f4                EXTI0_IRQHandler
                0x080004f4                I2C2_EV_IRQHandler
                0x080004f4                DMA1_Stream2_IRQHandler
                0x080004f4                CAN1_RX0_IRQHandler
                0x080004f4                FPU_IRQHandler
                0x080004f4                OTG_HS_WKUP_IRQHandler
                0x080004f4                UsageFault_Handler
                0x080004f4                CAN2_SCE_IRQHandler
                0x080004f4                DMA2_Stream2_IRQHandler
                0x080004f4                SPI1_IRQHandler
                0x080004f4                TIM6_DAC_IRQHandler
                0x080004f4                TIM1_BRK_TIM9_IRQHandler
                0x080004f4                DCMI_IRQHandler
                0x080004f4                CAN2_RX0_IRQHandler
                0x080004f4                DMA2_Stream3_IRQHandler
                0x080004f4                USART6_IRQHandler
                0x080004f4                USART3_IRQHandler
                0x080004f4                CRYP_IRQHandler
                0x080004f4                CAN1_RX1_IRQHandler
                0x080004f4                UART5_IRQHandler
                0x080004f4                DMA2_Stream0_IRQHandler
                0x080004f4                TIM4_IRQHandler
                0x080004f4                I2C1_EV_IRQHandler
                0x080004f4                DMA1_Stream6_IRQHandler
                0x080004f4                DMA1_Stream1_IRQHandler
                0x080004f4                UART4_IRQHandler
                0x080004f4                TIM3_IRQHandler
                0x080004f4                RCC_IRQHandler
                0x080004f4                TIM8_BRK_TIM12_IRQHandler
                0x080004f4                Default_Handler
                0x080004f4                EXTI15_10_IRQHandler
                0x080004f4                ADC_IRQHandler
                0x080004f4                DMA1_Stream7_IRQHandler
                0x080004f4                TIM7_IRQHandler
                0x080004f4                CAN2_TX_IRQHandler
                0x080004f4                TIM5_IRQHandler
                0x080004f4                DMA2_Stream7_IRQHandler
                0x080004f4                I2C3_EV_IRQHandler
                0x080004f4                EXTI9_5_IRQHandler
                0x080004f4                RTC_WKUP_IRQHandler
                0x080004f4                ETH_WKUP_IRQHandler
                0x080004f4                SPI2_IRQHandler
                0x080004f4                OTG_HS_EP1_IN_IRQHandler
                0x080004f4                MemManage_Handler
                0x080004f4                DMA1_Stream0_IRQHandler
                0x080004f4                CAN1_TX_IRQHandler
                0x080004f4                EXTI4_IRQHandler
                0x080004f4                FSMC_IRQHandler
                0x080004f4                ETH_IRQHandler
                0x080004f4                OTG_HS_EP1_OUT_IRQHandler
                0x080004f4                WWDG_IRQHandler
                0x080004f4                TIM2_IRQHandler
                0x080004f4                OTG_FS_WKUP_IRQHandler
                0x080004f4                TIM1_TRG_COM_TIM11_IRQHandler
                0x080004f4                OTG_HS_IRQHandler
                0x080004f4                EXTI1_IRQHandler
                0x080004f4                I2C2_ER_IRQHandler
                0x080004f4                DMA2_Stream1_IRQHandler
                0x080004f4                CAN1_SCE_IRQHandler
                0x080004f4                DMA2_Stream4_IRQHandler
                0x080004f4                BusFault_Handler
                0x080004f4                USART1_IRQHandler
                0x080004f4                OTG_FS_IRQHandler
                0x080004f4                SPI3_IRQHandler
                0x080004f4                DMA1_Stream4_IRQHandler
                0x080004f4                I2C1_ER_IRQHandler
                0x080004f4                DMA2_Stream6_IRQHandler
                0x080004f4                DMA1_Stream3_IRQHandler
 .text.vListInitialise
                0x080004f6       0x40 ./thirdparty/FreeRTOS/list.o
                0x080004f6                vListInitialise
 .text.vListInitialiseItem
                0x08000536       0x1a ./thirdparty/FreeRTOS/list.o
                0x08000536                vListInitialiseItem
 .text.vListInsertEnd
                0x08000550       0x48 ./thirdparty/FreeRTOS/list.o
                0x08000550                vListInsertEnd
 .text.vListInsert
                0x08000598       0x72 ./thirdparty/FreeRTOS/list.o
                0x08000598                vListInsert
 .text.uxListRemove
                0x0800060a       0x54 ./thirdparty/FreeRTOS/list.o
                0x0800060a                uxListRemove
 .text.xTaskCreate
                0x0800065e       0x82 ./thirdparty/FreeRTOS/tasks.o
                0x0800065e                xTaskCreate
 .text.prvInitialiseNewTask
                0x080006e0      0x14c ./thirdparty/FreeRTOS/tasks.o
 .text.prvAddNewTaskToReadyList
                0x0800082c       0xd4 ./thirdparty/FreeRTOS/tasks.o
 .text.vTaskDelay
                0x08000900       0x6c ./thirdparty/FreeRTOS/tasks.o
                0x08000900                vTaskDelay
 .text.vTaskStartScheduler
                0x0800096c       0xac ./thirdparty/FreeRTOS/tasks.o
                0x0800096c                vTaskStartScheduler
 .text.vTaskSuspendAll
                0x08000a18       0x1c ./thirdparty/FreeRTOS/tasks.o
                0x08000a18                vTaskSuspendAll
 .text.xTaskResumeAll
                0x08000a34      0x13c ./thirdparty/FreeRTOS/tasks.o
                0x08000a34                xTaskResumeAll
 .text.xTaskIncrementTick
                0x08000b70      0x174 ./thirdparty/FreeRTOS/tasks.o
                0x08000b70                xTaskIncrementTick
 .text.vTaskSwitchContext
                0x08000ce4       0xc8 ./thirdparty/FreeRTOS/tasks.o
                0x08000ce4                vTaskSwitchContext
 .text.prvIdleTask
                0x08000dac       0x30 ./thirdparty/FreeRTOS/tasks.o
 .text.prvInitialiseTaskLists
                0x08000ddc       0x80 ./thirdparty/FreeRTOS/tasks.o
 .text.prvCheckTasksWaitingTermination
                0x08000e5c       0x5c ./thirdparty/FreeRTOS/tasks.o
 .text.prvDeleteTCB
                0x08000eb8       0x2a ./thirdparty/FreeRTOS/tasks.o
 *fill*         0x08000ee2        0x2 
 .text.prvResetNextTaskUnblockTime
                0x08000ee4       0x38 ./thirdparty/FreeRTOS/tasks.o
 .text.prvAddCurrentTaskToDelayedList
                0x08000f1c       0xcc ./thirdparty/FreeRTOS/tasks.o
 .text.pxPortInitialiseStack
                0x08000fe8       0x68 ./thirdparty/FreeRTOS/portable/GCC/ARM_CM4F/port.o
                0x08000fe8                pxPortInitialiseStack
 .text.prvTaskExitError
                0x08001050       0x5c ./thirdparty/FreeRTOS/portable/GCC/ARM_CM4F/port.o
 *fill*         0x080010ac        0x4 
 .text.SVC_Handler
                0x080010b0       0x28 ./thirdparty/FreeRTOS/portable/GCC/ARM_CM4F/port.o
                0x080010b0                SVC_Handler
 .text.prvPortStartFirstTask
                0x080010d8       0x2c ./thirdparty/FreeRTOS/portable/GCC/ARM_CM4F/port.o
 .text.xPortStartScheduler
                0x08001104      0x148 ./thirdparty/FreeRTOS/portable/GCC/ARM_CM4F/port.o
                0x08001104                xPortStartScheduler
 .text.vPortEnterCritical
                0x0800124c       0x64 ./thirdparty/FreeRTOS/portable/GCC/ARM_CM4F/port.o
                0x0800124c                vPortEnterCritical
 .text.vPortExitCritical
                0x080012b0       0x54 ./thirdparty/FreeRTOS/portable/GCC/ARM_CM4F/port.o
                0x080012b0                vPortExitCritical
 *fill*         0x08001304        0xc 
 .text.PendSV_Handler
                0x08001310       0x68 ./thirdparty/FreeRTOS/portable/GCC/ARM_CM4F/port.o
                0x08001310                PendSV_Handler
 .text.SysTick_Handler
                0x08001378       0x44 ./thirdparty/FreeRTOS/portable/GCC/ARM_CM4F/port.o
                0x08001378                SysTick_Handler
 .text.vPortSetupTimerInterrupt
                0x080013bc       0x48 ./thirdparty/FreeRTOS/portable/GCC/ARM_CM4F/port.o
                0x080013bc                vPortSetupTimerInterrupt
 .text.vPortEnableVFP
                0x08001404       0x18 ./thirdparty/FreeRTOS/portable/GCC/ARM_CM4F/port.o
 .text.pvPortMalloc
                0x0800141c      0x19c ./thirdparty/FreeRTOS/portable/MemMang/heap_4.o
                0x0800141c                pvPortMalloc
 .text.vPortFree
                0x080015b8       0xc8 ./thirdparty/FreeRTOS/portable/MemMang/heap_4.o
                0x080015b8                vPortFree
 .text.prvHeapInit
                0x08001680       0xc4 ./thirdparty/FreeRTOS/portable/MemMang/heap_4.o
 .text.prvInsertBlockIntoFreeList
                0x08001744       0xb4 ./thirdparty/FreeRTOS/portable/MemMang/heap_4.o
 .text.memset   0x080017f8       0x10 /opt/st/stm32cubeide_1.15.0/plugins/com.st.stm32cube.ide.mcu.externaltools.gnu-tools-for-stm32.12.3.rel1.linux64_1.0.100.202403111256/tools/bin/../lib/gcc/arm-none-eabi/12.3.1/../../../../arm-none-eabi/lib/thumb/v7e-m+fp/hard/libc_nano.a(libc_a-memset.o)
                0x080017f8                memset
 .text._reclaim_reent
                0x08001808       0xac /opt/st/stm32cubeide_1.15.0/plugins/com.st.stm32cube.ide.mcu.externaltools.gnu-tools-for-stm32.12.3.rel1.linux64_1.0.100.202403111256/tools/bin/../lib/gcc/arm-none-eabi/12.3.1/../../../../arm-none-eabi/lib/thumb/v7e-m+fp/hard/libc_nano.a(libc_a-reent.o)
                0x08001808                _reclaim_reent
 .text.__libc_init_array
                0x080018b4       0x48 /opt/st/stm32cubeide_1.15.0/plugins/com.st.stm32cube.ide.mcu.externaltools.gnu-tools-for-stm32.12.3.rel1.linux64_1.0.100.202403111256/tools/bin/../lib/gcc/arm-none-eabi/12.3.1/../../../../arm-none-eabi/lib/thumb/v7e-m+fp/hard/libc_nano.a(libc_a-init.o)
                0x080018b4                __libc_init_array
 .text.__retarget_lock_acquire_recursive
                0x080018fc        0x2 /opt/st/stm32cubeide_1.15.0/plugins/com.st.stm32cube.ide.mcu.externaltools.gnu-tools-for-stm32.12.3.rel1.linux64_1.0.100.202403111256/tools/bin/../lib/gcc/arm-none-eabi/12.3.1/../../../../arm-none-eabi/lib/thumb/v7e-m+fp/hard/libc_nano.a(libc_a-lock.o)
                0x080018fc                __retarget_lock_acquire_recursive
 .text.__retarget_lock_release_recursive
                0x080018fe        0x2 /opt/st/stm32cubeide_1.15.0/plugins/com.st.stm32cube.ide.mcu.externaltools.gnu-tools-for-stm32.12.3.rel1.linux64_1.0.100.202403111256/tools/bin/../lib/gcc/arm-none-eabi/12.3.1/../../../../arm-none-eabi/lib/thumb/v7e-m+fp/hard/libc_nano.a(libc_a-lock.o)
                0x080018fe                __retarget_lock_release_recursive
 .text._free_r  0x08001900       0x94 /opt/st/stm32cubeide_1.15.0/plugins/com.st.stm32cube.ide.mcu.externaltools.gnu-tools-for-stm32.12.3.rel1.linux64_1.0.100.202403111256/tools/bin/../lib/gcc/arm-none-eabi/12.3.1/../../../../arm-none-eabi/lib/thumb/v7e-m+fp/hard/libc_nano.a(libc_a-freer.o)
                0x08001900                _free_r
 .text.__malloc_lock
                0x08001994        0xc /opt/st/stm32cubeide_1.15.0/plugins/com.st.stm32cube.ide.mcu.externaltools.gnu-tools-for-stm32.12.3.rel1.linux64_1.0.100.202403111256/tools/bin/../lib/gcc/arm-none-eabi/12.3.1/../../../../arm-none-eabi/lib/thumb/v7e-m+fp/hard/libc_nano.a(libc_a-mlock.o)
                0x08001994                __malloc_lock
 .text.__malloc_unlock
                0x080019a0        0xc /opt/st/stm32cubeide_1.15.0/plugins/com.st.stm32cube.ide.mcu.externaltools.gnu-tools-for-stm32.12.3.rel1.linux64_1.0.100.202403111256/tools/bin/../lib/gcc/arm-none-eabi/12.3.1/../../../../arm-none-eabi/lib/thumb/v7e-m+fp/hard/libc_nano.a(libc_a-mlock.o)
                0x080019a0                __malloc_unlock
 *(.glue_7)
 .glue_7        0x080019ac        0x0 linker stubs
 *(.glue_7t)
 .glue_7t       0x080019ac        0x0 linker stubs
 *(.eh_frame)
 .eh_frame      0x080019ac        0x0 /opt/st/stm32cubeide_1.15.0/plugins/com.st.stm32cube.ide.mcu.externaltools.gnu-tools-for-stm32.12.3.rel1.linux64_1.0.100.202403111256/tools/bin/../lib/gcc/arm-none-eabi/12.3.1/thumb/v7e-m+fp/hard/crtbegin.o
 *(.init)
 .init          0x080019ac        0x4 /opt/st/stm32cubeide_1.15.0/plugins/com.st.stm32cube.ide.mcu.externaltools.gnu-tools-for-stm32.12.3.rel1.linux64_1.0.100.202403111256/tools/bin/../lib/gcc/arm-none-eabi/12.3.1/thumb/v7e-m+fp/hard/crti.o
                0x080019ac                _init
 .init          0x080019b0        0x8 /opt/st/stm32cubeide_1.15.0/plugins/com.st.stm32cube.ide.mcu.externaltools.gnu-tools-for-stm32.12.3.rel1.linux64_1.0.100.202403111256/tools/bin/../lib/gcc/arm-none-eabi/12.3.1/thumb/v7e-m+fp/hard/crtn.o
 *(.fini)
 .fini          0x080019b8        0x4 /opt/st/stm32cubeide_1.15.0/plugins/com.st.stm32cube.ide.mcu.externaltools.gnu-tools-for-stm32.12.3.rel1.linux64_1.0.100.202403111256/tools/bin/../lib/gcc/arm-none-eabi/12.3.1/thumb/v7e-m+fp/hard/crti.o
                0x080019b8                _fini
 .fini          0x080019bc        0x8 /opt/st/stm32cubeide_1.15.0/plugins/com.st.stm32cube.ide.mcu.externaltools.gnu-tools-for-stm32.12.3.rel1.linux64_1.0.100.202403111256/tools/bin/../lib/gcc/arm-none-eabi/12.3.1/thumb/v7e-m+fp/hard/crtn.o
                0x080019c4                        . = ALIGN (0x4)
                0x080019c4                        _etext = .

.vfp11_veneer   0x080019c4        0x0
 .vfp11_veneer  0x080019c4        0x0 linker stubs

.v4_bx          0x080019c4        0x0
 .v4_bx         0x080019c4        0x0 linker stubs

.iplt           0x080019c4        0x0
 .iplt          0x080019c4        0x0 /opt/st/stm32cubeide_1.15.0/plugins/com.st.stm32cube.ide.mcu.externaltools.gnu-tools-for-stm32.12.3.rel1.linux64_1.0.100.202403111256/tools/bin/../lib/gcc/arm-none-eabi/12.3.1/thumb/v7e-m+fp/hard/crtbegin.o

.rodata         0x080019c4       0x30
                0x080019c4                        . = ALIGN (0x4)
 *(.rodata)
 .rodata        0x080019c4       0x25 ./Src/main.o
 *fill*         0x080019e9        0x3 
 .rodata        0x080019ec        0x5 ./thirdparty/FreeRTOS/tasks.o
 *(.rodata*)
                0x080019f4                        . = ALIGN (0x4)
 *fill*         0x080019f1        0x3 

.ARM.extab      0x080019f4        0x0
                0x080019f4                        . = ALIGN (0x4)
 *(.ARM.extab* .gnu.linkonce.armextab.*)
                0x080019f4                        . = ALIGN (0x4)

.ARM            0x080019f4        0x0
                0x080019f4                        . = ALIGN (0x4)
                0x080019f4                        __exidx_start = .
 *(.ARM.exidx*)
                0x080019f4                        __exidx_end = .
                0x080019f4                        . = ALIGN (0x4)

.preinit_array  0x080019f4        0x0
                0x080019f4                        . = ALIGN (0x4)
                0x080019f4                        PROVIDE (__preinit_array_start = .)
 *(.preinit_array*)
                0x080019f4                        PROVIDE (__preinit_array_end = .)
                0x080019f4                        . = ALIGN (0x4)

.init_array     0x080019f4        0x4
                0x080019f4                        . = ALIGN (0x4)
                0x080019f4                        PROVIDE (__init_array_start = .)
 *(SORT_BY_NAME(.init_array.*))
 *(.init_array*)
 .init_array    0x080019f4        0x4 /opt/st/stm32cubeide_1.15.0/plugins/com.st.stm32cube.ide.mcu.externaltools.gnu-tools-for-stm32.12.3.rel1.linux64_1.0.100.202403111256/tools/bin/../lib/gcc/arm-none-eabi/12.3.1/thumb/v7e-m+fp/hard/crtbegin.o
                0x080019f8                        PROVIDE (__init_array_end = .)
                0x080019f8                        . = ALIGN (0x4)

.fini_array     0x080019f8        0x4
                0x080019f8                        . = ALIGN (0x4)
                [!provide]                        PROVIDE (__fini_array_start = .)
 *(SORT_BY_NAME(.fini_array.*))
 *(.fini_array*)
 .fini_array    0x080019f8        0x4 /opt/st/stm32cubeide_1.15.0/plugins/com.st.stm32cube.ide.mcu.externaltools.gnu-tools-for-stm32.12.3.rel1.linux64_1.0.100.202403111256/tools/bin/../lib/gcc/arm-none-eabi/12.3.1/thumb/v7e-m+fp/hard/crtbegin.o
                [!provide]                        PROVIDE (__fini_array_end = .)
                0x080019fc                        . = ALIGN (0x4)
                0x080019fc                        _sidata = LOADADDR (.data)

.rel.dyn        0x080019fc        0x0
 .rel.iplt      0x080019fc        0x0 /opt/st/stm32cubeide_1.15.0/plugins/com.st.stm32cube.ide.mcu.externaltools.gnu-tools-for-stm32.12.3.rel1.linux64_1.0.100.202403111256/tools/bin/../lib/gcc/arm-none-eabi/12.3.1/thumb/v7e-m+fp/hard/crtbegin.o

.data           0x20000000       0x60 load address 0x080019fc
                0x20000000                        . = ALIGN (0x4)
                0x20000000                        _sdata = .
 *(.data)
 *(.data*)
 .data.SystemCoreClock
                0x20000000        0x4 ./Src/system_stm32f4xx.o
                0x20000000                SystemCoreClock
 .data.tx_complete
                0x20000004        0x4 ./Src/uart.o
                0x20000004                tx_complete
 .data.uxTopUsedPriority
                0x20000008        0x4 ./thirdparty/FreeRTOS/tasks.o
                0x20000008                uxTopUsedPriority
 .data.uxCriticalNesting
                0x2000000c        0x4 ./thirdparty/FreeRTOS/portable/GCC/ARM_CM4F/port.o
 .data._impure_ptr
                0x20000010        0x4 /opt/st/stm32cubeide_1.15.0/plugins/com.st.stm32cube.ide.mcu.externaltools.gnu-tools-for-stm32.12.3.rel1.linux64_1.0.100.202403111256/tools/bin/../lib/gcc/arm-none-eabi/12.3.1/../../../../arm-none-eabi/lib/thumb/v7e-m+fp/hard/libc_nano.a(libc_a-impure.o)
                0x20000010                _impure_ptr
 .data._impure_data
                0x20000014       0x4c /opt/st/stm32cubeide_1.15.0/plugins/com.st.stm32cube.ide.mcu.externaltools.gnu-tools-for-stm32.12.3.rel1.linux64_1.0.100.202403111256/tools/bin/../lib/gcc/arm-none-eabi/12.3.1/../../../../arm-none-eabi/lib/thumb/v7e-m+fp/hard/libc_nano.a(libc_a-impure.o)
                0x20000014                _impure_data
 *(.RamFunc)
 *(.RamFunc*)
                0x20000060                        . = ALIGN (0x4)
                0x20000060                        _edata = .
                0x08001a5c                        _siccmram = LOADADDR (.ccmram)

.igot.plt       0x20000060        0x0 load address 0x08001a5c
 .igot.plt      0x20000060        0x0 /opt/st/stm32cubeide_1.15.0/plugins/com.st.stm32cube.ide.mcu.externaltools.gnu-tools-for-stm32.12.3.rel1.linux64_1.0.100.202403111256/tools/bin/../lib/gcc/arm-none-eabi/12.3.1/thumb/v7e-m+fp/hard/crtbegin.o

.ccmram         0x10000000        0x0 load address 0x08001a5c
                0x10000000                        . = ALIGN (0x4)
                0x10000000                        _sccmram = .
 *(.ccmram)
 *(.ccmram*)
                0x10000000                        . = ALIGN (0x4)
                0x10000000                        _eccmram = .
                0x10000000                        . = ALIGN (0x4)

.bss            0x20000060     0x3eb8
                0x20000060                        _sbss = .
                0x20000060                        __bss_start__ = _sbss
 *(.bss)
 .bss           0x20000060       0x1c /opt/st/stm32cubeide_1.15.0/plugins/com.st.stm32cube.ide.mcu.externaltools.gnu-tools-for-stm32.12.3.rel1.linux64_1.0.100.202403111256/tools/bin/../lib/gcc/arm-none-eabi/12.3.1/thumb/v7e-m+fp/hard/crtbegin.o
 *(.bss*)
 .bss.tx_string
                0x2000007c        0x4 ./Src/uart.o
                0x2000007c                tx_string
 .bss.tx_index  0x20000080        0x4 ./Src/uart.o
                0x20000080                tx_index
 .bss.pxCurrentTCB
                0x20000084        0x4 ./thirdparty/FreeRTOS/tasks.o
                0x20000084                pxCurrentTCB
 .bss.pxReadyTasksLists
                0x20000088       0x8c ./thirdparty/FreeRTOS/tasks.o
 .bss.xDelayedTaskList1
                0x20000114       0x14 ./thirdparty/FreeRTOS/tasks.o
 .bss.xDelayedTaskList2
                0x20000128       0x14 ./thirdparty/FreeRTOS/tasks.o
 .bss.pxDelayedTaskList
                0x2000013c        0x4 ./thirdparty/FreeRTOS/tasks.o
 .bss.pxOverflowDelayedTaskList
                0x20000140        0x4 ./thirdparty/FreeRTOS/tasks.o
 .bss.xPendingReadyList
                0x20000144       0x14 ./thirdparty/FreeRTOS/tasks.o
 .bss.xTasksWaitingTermination
                0x20000158       0x14 ./thirdparty/FreeRTOS/tasks.o
 .bss.uxDeletedTasksWaitingCleanUp
                0x2000016c        0x4 ./thirdparty/FreeRTOS/tasks.o
 .bss.xSuspendedTaskList
                0x20000170       0x14 ./thirdparty/FreeRTOS/tasks.o
 .bss.uxCurrentNumberOfTasks
                0x20000184        0x4 ./thirdparty/FreeRTOS/tasks.o
 .bss.xTickCount
                0x20000188        0x4 ./thirdparty/FreeRTOS/tasks.o
 .bss.uxTopReadyPriority
                0x2000018c        0x4 ./thirdparty/FreeRTOS/tasks.o
 .bss.xSchedulerRunning
                0x20000190        0x4 ./thirdparty/FreeRTOS/tasks.o
 .bss.xPendedTicks
                0x20000194        0x4 ./thirdparty/FreeRTOS/tasks.o
 .bss.xYieldPending
                0x20000198        0x4 ./thirdparty/FreeRTOS/tasks.o
 .bss.xNumOfOverflows
                0x2000019c        0x4 ./thirdparty/FreeRTOS/tasks.o
 .bss.uxTaskNumber
                0x200001a0        0x4 ./thirdparty/FreeRTOS/tasks.o
 .bss.xNextTaskUnblockTime
                0x200001a4        0x4 ./thirdparty/FreeRTOS/tasks.o
 .bss.xIdleTaskHandle
                0x200001a8        0x4 ./thirdparty/FreeRTOS/tasks.o
 .bss.uxSchedulerSuspended
                0x200001ac        0x4 ./thirdparty/FreeRTOS/tasks.o
 .bss.ucMaxSysCallPriority
                0x200001b0        0x1 ./thirdparty/FreeRTOS/portable/GCC/ARM_CM4F/port.o
 *fill*         0x200001b1        0x3 
 .bss.ulMaxPRIGROUPValue
                0x200001b4        0x4 ./thirdparty/FreeRTOS/portable/GCC/ARM_CM4F/port.o
 .bss.ucHeap    0x200001b8     0x3c00 ./thirdparty/FreeRTOS/portable/MemMang/heap_4.o
 .bss.xStart    0x20003db8        0x8 ./thirdparty/FreeRTOS/portable/MemMang/heap_4.o
 .bss.pxEnd     0x20003dc0        0x4 ./thirdparty/FreeRTOS/portable/MemMang/heap_4.o
 .bss.xFreeBytesRemaining
                0x20003dc4        0x4 ./thirdparty/FreeRTOS/portable/MemMang/heap_4.o
 .bss.xMinimumEverFreeBytesRemaining
                0x20003dc8        0x4 ./thirdparty/FreeRTOS/portable/MemMang/heap_4.o
 .bss.xNumberOfSuccessfulAllocations
                0x20003dcc        0x4 ./thirdparty/FreeRTOS/portable/MemMang/heap_4.o
 .bss.xNumberOfSuccessfulFrees
                0x20003dd0        0x4 ./thirdparty/FreeRTOS/portable/MemMang/heap_4.o
 .bss.xBlockAllocatedBit
                0x20003dd4        0x4 ./thirdparty/FreeRTOS/portable/MemMang/heap_4.o
 .bss.__sf      0x20003dd8      0x138 /opt/st/stm32cubeide_1.15.0/plugins/com.st.stm32cube.ide.mcu.externaltools.gnu-tools-for-stm32.12.3.rel1.linux64_1.0.100.202403111256/tools/bin/../lib/gcc/arm-none-eabi/12.3.1/../../../../arm-none-eabi/lib/thumb/v7e-m+fp/hard/libc_nano.a(libc_a-findfp.o)
                0x20003dd8                __sf
 .bss.__lock___malloc_recursive_mutex
                0x20003f10        0x1 /opt/st/stm32cubeide_1.15.0/plugins/com.st.stm32cube.ide.mcu.externaltools.gnu-tools-for-stm32.12.3.rel1.linux64_1.0.100.202403111256/tools/bin/../lib/gcc/arm-none-eabi/12.3.1/../../../../arm-none-eabi/lib/thumb/v7e-m+fp/hard/libc_nano.a(libc_a-lock.o)
                0x20003f10                __lock___malloc_recursive_mutex
 *fill*         0x20003f11        0x3 
 .bss.__malloc_free_list
                0x20003f14        0x4 /opt/st/stm32cubeide_1.15.0/plugins/com.st.stm32cube.ide.mcu.externaltools.gnu-tools-for-stm32.12.3.rel1.linux64_1.0.100.202403111256/tools/bin/../lib/gcc/arm-none-eabi/12.3.1/../../../../arm-none-eabi/lib/thumb/v7e-m+fp/hard/libc_nano.a(libc_a-mallocr.o)
                0x20003f14                __malloc_free_list
 *(COMMON)
                0x20003f18                        . = ALIGN (0x4)
                0x20003f18                        _ebss = .
                0x20003f18                        __bss_end__ = _ebss

._user_heap_stack
                0x20003f18      0x600
                0x20003f18                        . = ALIGN (0x8)
                [!provide]                        PROVIDE (end = .)
                0x20003f18                        PROVIDE (_end = .)
                0x20004118                        . = (. + _Min_Heap_Size)
 *fill*         0x20003f18      0x200 
                0x20004518                        . = (. + _Min_Stack_Size)
 *fill*         0x20004118      0x400 
                0x20004518                        . = ALIGN (0x8)

/DISCARD/
 libc.a(*)
 libm.a(*)
 libgcc.a(*)

.ARM.attributes
                0x00000000       0x30
 *(.ARM.attributes)
 .ARM.attributes
                0x00000000       0x22 /opt/st/stm32cubeide_1.15.0/plugins/com.st.stm32cube.ide.mcu.externaltools.gnu-tools-for-stm32.12.3.rel1.linux64_1.0.100.202403111256/tools/bin/../lib/gcc/arm-none-eabi/12.3.1/thumb/v7e-m+fp/hard/crti.o
 .ARM.attributes
                0x00000022       0x34 /opt/st/stm32cubeide_1.15.0/plugins/com.st.stm32cube.ide.mcu.externaltools.gnu-tools-for-stm32.12.3.rel1.linux64_1.0.100.202403111256/tools/bin/../lib/gcc/arm-none-eabi/12.3.1/thumb/v7e-m+fp/hard/crtbegin.o
 .ARM.attributes
                0x00000056       0x34 ./Src/main.o
 .ARM.attributes
                0x0000008a       0x34 ./Src/system_stm32f4xx.o
 .ARM.attributes
                0x000000be       0x34 ./Src/uart.o
 .ARM.attributes
                0x000000f2       0x21 ./Startup/startup_stm32f407vgtx.o
 .ARM.attributes
                0x00000113       0x34 ./thirdparty/FreeRTOS/list.o
 .ARM.attributes
                0x00000147       0x34 ./thirdparty/FreeRTOS/tasks.o
 .ARM.attributes
                0x0000017b       0x34 ./thirdparty/FreeRTOS/portable/GCC/ARM_CM4F/port.o
 .ARM.attributes
                0x000001af       0x34 ./thirdparty/FreeRTOS/portable/MemMang/heap_4.o
 .ARM.attributes
                0x000001e3       0x34 /opt/st/stm32cubeide_1.15.0/plugins/com.st.stm32cube.ide.mcu.externaltools.gnu-tools-for-stm32.12.3.rel1.linux64_1.0.100.202403111256/tools/bin/../lib/gcc/arm-none-eabi/12.3.1/../../../../arm-none-eabi/lib/thumb/v7e-m+fp/hard/libc_nano.a(libc_a-findfp.o)
 .ARM.attributes
                0x00000217       0x34 /opt/st/stm32cubeide_1.15.0/plugins/com.st.stm32cube.ide.mcu.externaltools.gnu-tools-for-stm32.12.3.rel1.linux64_1.0.100.202403111256/tools/bin/../lib/gcc/arm-none-eabi/12.3.1/../../../../arm-none-eabi/lib/thumb/v7e-m+fp/hard/libc_nano.a(libc_a-memset.o)
 .ARM.attributes
                0x0000024b       0x34 /opt/st/stm32cubeide_1.15.0/plugins/com.st.stm32cube.ide.mcu.externaltools.gnu-tools-for-stm32.12.3.rel1.linux64_1.0.100.202403111256/tools/bin/../lib/gcc/arm-none-eabi/12.3.1/../../../../arm-none-eabi/lib/thumb/v7e-m+fp/hard/libc_nano.a(libc_a-reent.o)
 .ARM.attributes
                0x0000027f       0x34 /opt/st/stm32cubeide_1.15.0/plugins/com.st.stm32cube.ide.mcu.externaltools.gnu-tools-for-stm32.12.3.rel1.linux64_1.0.100.202403111256/tools/bin/../lib/gcc/arm-none-eabi/12.3.1/../../../../arm-none-eabi/lib/thumb/v7e-m+fp/hard/libc_nano.a(libc_a-impure.o)
 .ARM.attributes
                0x000002b3       0x34 /opt/st/stm32cubeide_1.15.0/plugins/com.st.stm32cube.ide.mcu.externaltools.gnu-tools-for-stm32.12.3.rel1.linux64_1.0.100.202403111256/tools/bin/../lib/gcc/arm-none-eabi/12.3.1/../../../../arm-none-eabi/lib/thumb/v7e-m+fp/hard/libc_nano.a(libc_a-init.o)
 .ARM.attributes
                0x000002e7       0x34 /opt/st/stm32cubeide_1.15.0/plugins/com.st.stm32cube.ide.mcu.externaltools.gnu-tools-for-stm32.12.3.rel1.linux64_1.0.100.202403111256/tools/bin/../lib/gcc/arm-none-eabi/12.3.1/../../../../arm-none-eabi/lib/thumb/v7e-m+fp/hard/libc_nano.a(libc_a-lock.o)
 .ARM.attributes
                0x0000031b       0x34 /opt/st/stm32cubeide_1.15.0/plugins/com.st.stm32cube.ide.mcu.externaltools.gnu-tools-for-stm32.12.3.rel1.linux64_1.0.100.202403111256/tools/bin/../lib/gcc/arm-none-eabi/12.3.1/../../../../arm-none-eabi/lib/thumb/v7e-m+fp/hard/libc_nano.a(libc_a-freer.o)
 .ARM.attributes
                0x0000034f       0x34 /opt/st/stm32cubeide_1.15.0/plugins/com.st.stm32cube.ide.mcu.externaltools.gnu-tools-for-stm32.12.3.rel1.linux64_1.0.100.202403111256/tools/bin/../lib/gcc/arm-none-eabi/12.3.1/../../../../arm-none-eabi/lib/thumb/v7e-m+fp/hard/libc_nano.a(libc_a-mallocr.o)
 .ARM.attributes
                0x00000383       0x34 /opt/st/stm32cubeide_1.15.0/plugins/com.st.stm32cube.ide.mcu.externaltools.gnu-tools-for-stm32.12.3.rel1.linux64_1.0.100.202403111256/tools/bin/../lib/gcc/arm-none-eabi/12.3.1/../../../../arm-none-eabi/lib/thumb/v7e-m+fp/hard/libc_nano.a(libc_a-mlock.o)
 .ARM.attributes
                0x000003b7       0x22 /opt/st/stm32cubeide_1.15.0/plugins/com.st.stm32cube.ide.mcu.externaltools.gnu-tools-for-stm32.12.3.rel1.linux64_1.0.100.202403111256/tools/bin/../lib/gcc/arm-none-eabi/12.3.1/thumb/v7e-m+fp/hard/crtn.o
OUTPUT(DAY3_ASSIGN1_UART.elf elf32-littlearm)
LOAD linker stubs
LOAD /opt/st/stm32cubeide_1.15.0/plugins/com.st.stm32cube.ide.mcu.externaltools.gnu-tools-for-stm32.12.3.rel1.linux64_1.0.100.202403111256/tools/bin/../lib/gcc/arm-none-eabi/12.3.1/../../../../arm-none-eabi/lib/thumb/v7e-m+fp/hard/libc.a
LOAD /opt/st/stm32cubeide_1.15.0/plugins/com.st.stm32cube.ide.mcu.externaltools.gnu-tools-for-stm32.12.3.rel1.linux64_1.0.100.202403111256/tools/bin/../lib/gcc/arm-none-eabi/12.3.1/../../../../arm-none-eabi/lib/thumb/v7e-m+fp/hard/libm.a
LOAD /opt/st/stm32cubeide_1.15.0/plugins/com.st.stm32cube.ide.mcu.externaltools.gnu-tools-for-stm32.12.3.rel1.linux64_1.0.100.202403111256/tools/bin/../lib/gcc/arm-none-eabi/12.3.1/thumb/v7e-m+fp/hard/libgcc.a

.debug_info     0x00000000     0x4010
 .debug_info    0x00000000      0x1d8 ./Src/main.o
 .debug_info    0x000001d8      0x700 ./Src/system_stm32f4xx.o
 .debug_info    0x000008d8      0x7b4 ./Src/uart.o
 .debug_info    0x0000108c       0x30 ./Startup/startup_stm32f407vgtx.o
 .debug_info    0x000010bc      0x2af ./thirdparty/FreeRTOS/list.o
 .debug_info    0x0000136b     0x22ef ./thirdparty/FreeRTOS/tasks.o
 .debug_info    0x0000365a      0x4e1 ./thirdparty/FreeRTOS/portable/GCC/ARM_CM4F/port.o
 .debug_info    0x00003b3b      0x4d5 ./thirdparty/FreeRTOS/portable/MemMang/heap_4.o

.debug_abbrev   0x00000000      0xd78
 .debug_abbrev  0x00000000      0x105 ./Src/main.o
 .debug_abbrev  0x00000105      0x161 ./Src/system_stm32f4xx.o
 .debug_abbrev  0x00000266      0x1af ./Src/uart.o
 .debug_abbrev  0x00000415       0x24 ./Startup/startup_stm32f407vgtx.o
 .debug_abbrev  0x00000439       0xf5 ./thirdparty/FreeRTOS/list.o
 .debug_abbrev  0x0000052e      0x3d3 ./thirdparty/FreeRTOS/tasks.o
 .debug_abbrev  0x00000901      0x25a ./thirdparty/FreeRTOS/portable/GCC/ARM_CM4F/port.o
 .debug_abbrev  0x00000b5b      0x21d ./thirdparty/FreeRTOS/portable/MemMang/heap_4.o

.debug_aranges  0x00000000      0x390
 .debug_aranges
                0x00000000       0x28 ./Src/main.o
 .debug_aranges
                0x00000028       0x38 ./Src/system_stm32f4xx.o
 .debug_aranges
                0x00000060       0x38 ./Src/uart.o
 .debug_aranges
                0x00000098       0x28 ./Startup/startup_stm32f407vgtx.o
 .debug_aranges
                0x000000c0       0x40 ./thirdparty/FreeRTOS/list.o
 .debug_aranges
                0x00000100      0x1b8 ./thirdparty/FreeRTOS/tasks.o
 .debug_aranges
                0x000002b8       0x80 ./thirdparty/FreeRTOS/portable/GCC/ARM_CM4F/port.o
 .debug_aranges
                0x00000338       0x58 ./thirdparty/FreeRTOS/portable/MemMang/heap_4.o

.debug_rnglists
                0x00000000      0x2a7
 .debug_rnglists
                0x00000000       0x19 ./Src/main.o
 .debug_rnglists
                0x00000019       0x26 ./Src/system_stm32f4xx.o
 .debug_rnglists
                0x0000003f       0x26 ./Src/uart.o
 .debug_rnglists
                0x00000065       0x19 ./Startup/startup_stm32f407vgtx.o
 .debug_rnglists
                0x0000007e       0x2b ./thirdparty/FreeRTOS/list.o
 .debug_rnglists
                0x000000a9      0x15f ./thirdparty/FreeRTOS/tasks.o
 .debug_rnglists
                0x00000208       0x5d ./thirdparty/FreeRTOS/portable/GCC/ARM_CM4F/port.o
 .debug_rnglists
                0x00000265       0x42 ./thirdparty/FreeRTOS/portable/MemMang/heap_4.o

.debug_macro    0x00000000    0x19441
 .debug_macro   0x00000000      0x264 ./Src/main.o
 .debug_macro   0x00000264       0x61 ./Src/main.o
 .debug_macro   0x000002c5       0x2a ./Src/main.o
 .debug_macro   0x000002ef       0x43 ./Src/main.o
 .debug_macro   0x00000332       0x34 ./Src/main.o
 .debug_macro   0x00000366       0x16 ./Src/main.o
 .debug_macro   0x0000037c       0x9e ./Src/main.o
 .debug_macro   0x0000041a      0x369 ./Src/main.o
 .debug_macro   0x00000783      0x10b ./Src/main.o
 .debug_macro   0x0000088e       0x10 ./Src/main.o
 .debug_macro   0x0000089e       0x16 ./Src/main.o
 .debug_macro   0x000008b4       0x43 ./Src/main.o
 .debug_macro   0x000008f7       0x34 ./Src/main.o
 .debug_macro   0x0000092b       0x10 ./Src/main.o
 .debug_macro   0x0000093b       0x58 ./Src/main.o
 .debug_macro   0x00000993       0x8e ./Src/main.o
 .debug_macro   0x00000a21       0x1c ./Src/main.o
 .debug_macro   0x00000a3d      0x177 ./Src/main.o
 .debug_macro   0x00000bb4       0x16 ./Src/main.o
 .debug_macro   0x00000bca       0x16 ./Src/main.o
 .debug_macro   0x00000be0      0x146 ./Src/main.o
 .debug_macro   0x00000d26       0x16 ./Src/main.o
 .debug_macro   0x00000d3c       0x35 ./Src/main.o
 .debug_macro   0x00000d71       0x20 ./Src/main.o
 .debug_macro   0x00000d91       0xf1 ./Src/main.o
 .debug_macro   0x00000e82      0x15a ./Src/main.o
 .debug_macro   0x00000fdc       0xe4 ./Src/main.o
 .debug_macro   0x000010c0       0x1c ./Src/main.o
 .debug_macro   0x000010dc       0x26 ./Src/main.o
 .debug_macro   0x00001102       0x16 ./Src/main.o
 .debug_macro   0x00001118      0x50c ./Src/main.o
 .debug_macro   0x00001624       0xb5 ./Src/main.o
 .debug_macro   0x000016d9      0x120 ./Src/main.o
 .debug_macro   0x000017f9       0x2e ./Src/main.o
 .debug_macro   0x00001827       0x2f ./Src/main.o
 .debug_macro   0x00001856       0x1c ./Src/main.o
 .debug_macro   0x00001872       0x22 ./Src/main.o
 .debug_macro   0x00001894       0xd9 ./Src/main.o
 .debug_macro   0x0000196d     0x102d ./Src/main.o
 .debug_macro   0x0000299a      0x11f ./Src/main.o
 .debug_macro   0x00002ab9    0x15e3c ./Src/main.o
 .debug_macro   0x000188f5       0x4a ./Src/main.o
 .debug_macro   0x0001893f       0x28 ./Src/main.o
 .debug_macro   0x00018967       0xe1 ./Src/system_stm32f4xx.o
 .debug_macro   0x00018a48      0x1c6 ./Src/uart.o
 .debug_macro   0x00018c0e      0x1a5 ./thirdparty/FreeRTOS/list.o
 .debug_macro   0x00018db3      0x28b ./thirdparty/FreeRTOS/tasks.o
 .debug_macro   0x0001903e       0x10 ./thirdparty/FreeRTOS/tasks.o
 .debug_macro   0x0001904e      0x233 ./thirdparty/FreeRTOS/portable/GCC/ARM_CM4F/port.o
 .debug_macro   0x00019281      0x1c0 ./thirdparty/FreeRTOS/portable/MemMang/heap_4.o

.debug_line     0x00000000     0x4321
 .debug_line    0x00000000      0x67e ./Src/main.o
 .debug_line    0x0000067e      0x4de ./Src/system_stm32f4xx.o
 .debug_line    0x00000b5c      0x64f ./Src/uart.o
 .debug_line    0x000011ab       0x7b ./Startup/startup_stm32f407vgtx.o
 .debug_line    0x00001226      0x699 ./thirdparty/FreeRTOS/list.o
 .debug_line    0x000018bf     0x1930 ./thirdparty/FreeRTOS/tasks.o
 .debug_line    0x000031ef      0x874 ./thirdparty/FreeRTOS/portable/GCC/ARM_CM4F/port.o
 .debug_line    0x00003a63      0x8be ./thirdparty/FreeRTOS/portable/MemMang/heap_4.o

.debug_str      0x00000000    0x933db
 .debug_str     0x00000000    0x8ffe5 ./Src/main.o
                              0x90227 (size before relaxing)
 .debug_str     0x0008ffe5      0x2f6 ./Src/system_stm32f4xx.o
                              0x87e3d (size before relaxing)
 .debug_str     0x000902db      0x5ca ./Src/uart.o
                              0x8bd42 (size before relaxing)
 .debug_str     0x000908a5       0x3f ./Startup/startup_stm32f407vgtx.o
                                 0x88 (size before relaxing)
 .debug_str     0x000908e4      0x253 ./thirdparty/FreeRTOS/list.o
                               0xac7a (size before relaxing)
 .debug_str     0x00090b37     0x1e24 ./thirdparty/FreeRTOS/tasks.o
                               0xde1c (size before relaxing)
 .debug_str     0x0009295b      0x767 ./thirdparty/FreeRTOS/portable/GCC/ARM_CM4F/port.o
                               0xafad (size before relaxing)
 .debug_str     0x000930c2      0x319 ./thirdparty/FreeRTOS/portable/MemMang/heap_4.o
                               0xc143 (size before relaxing)

.comment        0x00000000       0x43
 .comment       0x00000000       0x43 ./Src/main.o
                                 0x44 (size before relaxing)
 .comment       0x00000043       0x44 ./Src/system_stm32f4xx.o
 .comment       0x00000043       0x44 ./Src/uart.o
 .comment       0x00000043       0x44 ./thirdparty/FreeRTOS/list.o
 .comment       0x00000043       0x44 ./thirdparty/FreeRTOS/tasks.o
 .comment       0x00000043       0x44 ./thirdparty/FreeRTOS/portable/GCC/ARM_CM4F/port.o
 .comment       0x00000043       0x44 ./thirdparty/FreeRTOS/portable/MemMang/heap_4.o

.debug_frame    0x00000000      0xfc0
 .debug_frame   0x00000000       0x54 ./Src/main.o
 .debug_frame   0x00000054       0x84 ./Src/system_stm32f4xx.o
 .debug_frame   0x000000d8       0xa4 ./Src/uart.o
 .debug_frame   0x0000017c       0xd8 ./thirdparty/FreeRTOS/list.o
 .debug_frame   0x00000254      0x768 ./thirdparty/FreeRTOS/tasks.o
 .debug_frame   0x000009bc      0x1a8 ./thirdparty/FreeRTOS/portable/GCC/ARM_CM4F/port.o
 .debug_frame   0x00000b64      0x12c ./thirdparty/FreeRTOS/portable/MemMang/heap_4.o
 .debug_frame   0x00000c90      0x144 /opt/st/stm32cubeide_1.15.0/plugins/com.st.stm32cube.ide.mcu.externaltools.gnu-tools-for-stm32.12.3.rel1.linux64_1.0.100.202403111256/tools/bin/../lib/gcc/arm-none-eabi/12.3.1/../../../../arm-none-eabi/lib/thumb/v7e-m+fp/hard/libc_nano.a(libc_a-findfp.o)
 .debug_frame   0x00000dd4       0x20 /opt/st/stm32cubeide_1.15.0/plugins/com.st.stm32cube.ide.mcu.externaltools.gnu-tools-for-stm32.12.3.rel1.linux64_1.0.100.202403111256/tools/bin/../lib/gcc/arm-none-eabi/12.3.1/../../../../arm-none-eabi/lib/thumb/v7e-m+fp/hard/libc_nano.a(libc_a-memset.o)
 .debug_frame   0x00000df4       0x38 /opt/st/stm32cubeide_1.15.0/plugins/com.st.stm32cube.ide.mcu.externaltools.gnu-tools-for-stm32.12.3.rel1.linux64_1.0.100.202403111256/tools/bin/../lib/gcc/arm-none-eabi/12.3.1/../../../../arm-none-eabi/lib/thumb/v7e-m+fp/hard/libc_nano.a(libc_a-reent.o)
 .debug_frame   0x00000e2c       0x2c /opt/st/stm32cubeide_1.15.0/plugins/com.st.stm32cube.ide.mcu.externaltools.gnu-tools-for-stm32.12.3.rel1.linux64_1.0.100.202403111256/tools/bin/../lib/gcc/arm-none-eabi/12.3.1/../../../../arm-none-eabi/lib/thumb/v7e-m+fp/hard/libc_nano.a(libc_a-init.o)
 .debug_frame   0x00000e58       0xb0 /opt/st/stm32cubeide_1.15.0/plugins/com.st.stm32cube.ide.mcu.externaltools.gnu-tools-for-stm32.12.3.rel1.linux64_1.0.100.202403111256/tools/bin/../lib/gcc/arm-none-eabi/12.3.1/../../../../arm-none-eabi/lib/thumb/v7e-m+fp/hard/libc_nano.a(libc_a-lock.o)
 .debug_frame   0x00000f08       0x38 /opt/st/stm32cubeide_1.15.0/plugins/com.st.stm32cube.ide.mcu.externaltools.gnu-tools-for-stm32.12.3.rel1.linux64_1.0.100.202403111256/tools/bin/../lib/gcc/arm-none-eabi/12.3.1/../../../../arm-none-eabi/lib/thumb/v7e-m+fp/hard/libc_nano.a(libc_a-freer.o)
 .debug_frame   0x00000f40       0x50 /opt/st/stm32cubeide_1.15.0/plugins/com.st.stm32cube.ide.mcu.externaltools.gnu-tools-for-stm32.12.3.rel1.linux64_1.0.100.202403111256/tools/bin/../lib/gcc/arm-none-eabi/12.3.1/../../../../arm-none-eabi/lib/thumb/v7e-m+fp/hard/libc_nano.a(libc_a-mallocr.o)
 .debug_frame   0x00000f90       0x30 /opt/st/stm32cubeide_1.15.0/plugins/com.st.stm32cube.ide.mcu.externaltools.gnu-tools-for-stm32.12.3.rel1.linux64_1.0.100.202403111256/tools/bin/../lib/gcc/arm-none-eabi/12.3.1/../../../../arm-none-eabi/lib/thumb/v7e-m+fp/hard/libc_nano.a(libc_a-mlock.o)

.debug_loclists
                0x00000000       0x1f
 .debug_loclists
                0x00000000       0x1f ./Src/system_stm32f4xx.o

.debug_line_str
                0x00000000       0x6c
 .debug_line_str
                0x00000000       0x6c ./Startup/startup_stm32f407vgtx.o
