Archive member included to satisfy reference by file (symbol)

/opt/st/stm32cubeide_1.15.0/plugins/com.st.stm32cube.ide.mcu.externaltools.gnu-tools-for-stm32.12.3.rel1.linux64_1.0.100.202403111256/tools/bin/../lib/gcc/arm-none-eabi/12.3.1/../../../../arm-none-eabi/lib/thumb/v7e-m+fp/hard/libc_nano.a(libc_a-exit.o)
                              /opt/st/stm32cubeide_1.15.0/plugins/com.st.stm32cube.ide.mcu.externaltools.gnu-tools-for-stm32.12.3.rel1.linux64_1.0.100.202403111256/tools/bin/../lib/gcc/arm-none-eabi/12.3.1/../../../../arm-none-eabi/lib/thumb/v7e-m+fp/hard/crt0.o (exit)
/opt/st/stm32cubeide_1.15.0/plugins/com.st.stm32cube.ide.mcu.externaltools.gnu-tools-for-stm32.12.3.rel1.linux64_1.0.100.202403111256/tools/bin/../lib/gcc/arm-none-eabi/12.3.1/../../../../arm-none-eabi/lib/thumb/v7e-m+fp/hard/libc_nano.a(libc_a-findfp.o)
                              ./thirdparty/FreeRTOS/tasks.o (__sf)
/opt/st/stm32cubeide_1.15.0/plugins/com.st.stm32cube.ide.mcu.externaltools.gnu-tools-for-stm32.12.3.rel1.linux64_1.0.100.202403111256/tools/bin/../lib/gcc/arm-none-eabi/12.3.1/../../../../arm-none-eabi/lib/thumb/v7e-m+fp/hard/libc_nano.a(libc_a-fwalk.o)
                              /opt/st/stm32cubeide_1.15.0/plugins/com.st.stm32cube.ide.mcu.externaltools.gnu-tools-for-stm32.12.3.rel1.linux64_1.0.100.202403111256/tools/bin/../lib/gcc/arm-none-eabi/12.3.1/../../../../arm-none-eabi/lib/thumb/v7e-m+fp/hard/libc_nano.a(libc_a-findfp.o) (_fwalk_sglue)
/opt/st/stm32cubeide_1.15.0/plugins/com.st.stm32cube.ide.mcu.externaltools.gnu-tools-for-stm32.12.3.rel1.linux64_1.0.100.202403111256/tools/bin/../lib/gcc/arm-none-eabi/12.3.1/../../../../arm-none-eabi/lib/thumb/v7e-m+fp/hard/libc_nano.a(libc_a-stdio.o)
                              /opt/st/stm32cubeide_1.15.0/plugins/com.st.stm32cube.ide.mcu.externaltools.gnu-tools-for-stm32.12.3.rel1.linux64_1.0.100.202403111256/tools/bin/../lib/gcc/arm-none-eabi/12.3.1/../../../../arm-none-eabi/lib/thumb/v7e-m+fp/hard/libc_nano.a(libc_a-findfp.o) (__sread)
/opt/st/stm32cubeide_1.15.0/plugins/com.st.stm32cube.ide.mcu.externaltools.gnu-tools-for-stm32.12.3.rel1.linux64_1.0.100.202403111256/tools/bin/../lib/gcc/arm-none-eabi/12.3.1/../../../../arm-none-eabi/lib/thumb/v7e-m+fp/hard/libc_nano.a(libc_a-memset.o)
                              /opt/st/stm32cubeide_1.15.0/plugins/com.st.stm32cube.ide.mcu.externaltools.gnu-tools-for-stm32.12.3.rel1.linux64_1.0.100.202403111256/tools/bin/../lib/gcc/arm-none-eabi/12.3.1/../../../../arm-none-eabi/lib/thumb/v7e-m+fp/hard/crt0.o (memset)
/opt/st/stm32cubeide_1.15.0/plugins/com.st.stm32cube.ide.mcu.externaltools.gnu-tools-for-stm32.12.3.rel1.linux64_1.0.100.202403111256/tools/bin/../lib/gcc/arm-none-eabi/12.3.1/../../../../arm-none-eabi/lib/thumb/v7e-m+fp/hard/libc_nano.a(libc_a-closer.o)
                              /opt/st/stm32cubeide_1.15.0/plugins/com.st.stm32cube.ide.mcu.externaltools.gnu-tools-for-stm32.12.3.rel1.linux64_1.0.100.202403111256/tools/bin/../lib/gcc/arm-none-eabi/12.3.1/../../../../arm-none-eabi/lib/thumb/v7e-m+fp/hard/libc_nano.a(libc_a-stdio.o) (_close_r)
/opt/st/stm32cubeide_1.15.0/plugins/com.st.stm32cube.ide.mcu.externaltools.gnu-tools-for-stm32.12.3.rel1.linux64_1.0.100.202403111256/tools/bin/../lib/gcc/arm-none-eabi/12.3.1/../../../../arm-none-eabi/lib/thumb/v7e-m+fp/hard/libc_nano.a(libc_a-reent.o)
                              ./thirdparty/FreeRTOS/tasks.o (_reclaim_reent)
/opt/st/stm32cubeide_1.15.0/plugins/com.st.stm32cube.ide.mcu.externaltools.gnu-tools-for-stm32.12.3.rel1.linux64_1.0.100.202403111256/tools/bin/../lib/gcc/arm-none-eabi/12.3.1/../../../../arm-none-eabi/lib/thumb/v7e-m+fp/hard/libc_nano.a(libc_a-impure.o)
                              ./thirdparty/FreeRTOS/tasks.o (_impure_ptr)
/opt/st/stm32cubeide_1.15.0/plugins/com.st.stm32cube.ide.mcu.externaltools.gnu-tools-for-stm32.12.3.rel1.linux64_1.0.100.202403111256/tools/bin/../lib/gcc/arm-none-eabi/12.3.1/../../../../arm-none-eabi/lib/thumb/v7e-m+fp/hard/libc_nano.a(libc_a-lseekr.o)
                              /opt/st/stm32cubeide_1.15.0/plugins/com.st.stm32cube.ide.mcu.externaltools.gnu-tools-for-stm32.12.3.rel1.linux64_1.0.100.202403111256/tools/bin/../lib/gcc/arm-none-eabi/12.3.1/../../../../arm-none-eabi/lib/thumb/v7e-m+fp/hard/libc_nano.a(libc_a-stdio.o) (_lseek_r)
/opt/st/stm32cubeide_1.15.0/plugins/com.st.stm32cube.ide.mcu.externaltools.gnu-tools-for-stm32.12.3.rel1.linux64_1.0.100.202403111256/tools/bin/../lib/gcc/arm-none-eabi/12.3.1/../../../../arm-none-eabi/lib/thumb/v7e-m+fp/hard/libc_nano.a(libc_a-readr.o)
                              /opt/st/stm32cubeide_1.15.0/plugins/com.st.stm32cube.ide.mcu.externaltools.gnu-tools-for-stm32.12.3.rel1.linux64_1.0.100.202403111256/tools/bin/../lib/gcc/arm-none-eabi/12.3.1/../../../../arm-none-eabi/lib/thumb/v7e-m+fp/hard/libc_nano.a(libc_a-stdio.o) (_read_r)
[...]
Memory Configuration

Name             Origin             Length             Attributes
CCMRAM           0x10000000         0x00010000         xrw
RAM              0x20000000         0x00020000         xrw
FLASH            0x08000000         0x00100000         xr
*default*        0x00000000         0xffffffff

Linker script and memory map

LOAD /opt/st/stm32cubeide_1.15.0/plugins/com.st.stm32cube.ide.mcu.externaltools.gnu-tools-for-stm32.12.3.rel1.linux64_1.0.100.202403111256/tools/bin/../lib/gcc/arm-none-eabi/12.3.1/thumb/v7e-m+fp/hard/crti.o
LOAD /opt/st/stm32cubeide_1.15.0/plugins/com.st.stm32cube.ide.mcu.externaltools.gnu-tools-for-stm32.12.3.rel1.linux64_1.0.100.202403111256/tools/bin/../lib/gcc/arm-none-eabi/12.3.1/thumb/v7e-m+fp/hard/crtbegin.o
LOAD /opt/st/stm32cubeide_1.15.0/plugins/com.st.stm32cube.ide.mcu.externaltools.gnu-tools-for-stm32.12.3.rel1.linux64_1.0.100.202403111256/tools/bin/../lib/gcc/arm-none-eabi/12.3.1/../../../../arm-none-eabi/lib/thumb/v7e-m+fp/hard/crt0.o
LOAD ./Src/itm.o
LOAD ./Src/led.o
LOAD ./Src/main.o
LOAD ./Src/syscalls.o
LOAD ./Src/sysmem.o
LOAD ./Src/system_stm32f4xx.o
LOAD ./Startup/startup_stm32f407vgtx.o
LOAD ./thirdparty/FreeRTOS/croutine.o
LOAD ./thirdparty/FreeRTOS/event_groups.o
LOAD ./thirdparty/FreeRTOS/list.o
LOAD ./thirdparty/FreeRTOS/queue.o
LOAD ./thirdparty/FreeRTOS/stream_buffer.o
LOAD ./thirdparty/FreeRTOS/tasks.o
LOAD ./thirdparty/FreeRTOS/timers.o
LOAD ./thirdparty/FreeRTOS/portable/GCC/ARM_CM4F/port.o
LOAD ./thirdparty/FreeRTOS/portable/MemMang/heap_4.o
START GROUP
LOAD /opt/st/stm32cubeide_1.15.0/plugins/com.st.stm32cube.ide.mcu.externaltools.gnu-tools-for-stm32.12.3.rel1.linux64_1.0.100.202403111256/tools/bin/../lib/gcc/arm-none-eabi/12.3.1/../../../../arm-none-eabi/lib/thumb/v7e-m+fp/hard/libc_nano.a
LOAD /opt/st/stm32cubeide_1.15.0/plugins/com.st.stm32cube.ide.mcu.externaltools.gnu-tools-for-stm32.12.3.rel1.linux64_1.0.100.202403111256/tools/bin/../lib/gcc/arm-none-eabi/12.3.1/../../../../arm-none-eabi/lib/thumb/v7e-m+fp/hard/libm.a
END GROUP
START GROUP
LOAD /opt/st/stm32cubeide_1.15.0/plugins/com.st.stm32cube.ide.mcu.externaltools.gnu-tools-for-stm32.12.3.rel1.linux64_1.0.100.202403111256/tools/bin/../lib/gcc/arm-none-eabi/12.3.1/thumb/v7e-m+fp/hard/libgcc.a
LOAD /opt/st/stm32cubeide_1.15.0/plugins/com.st.stm32cube.ide.mcu.externaltools.gnu-tools-for-stm32.12.3.rel1.linux64_1.0.100.202403111256/tools/bin/../lib/gcc/arm-none-eabi/12.3.1/../../../../arm-none-eabi/lib/thumb/v7e-m+fp/hard/libc_nano.a
END GROUP
START GROUP
LOAD /opt/st/stm32cubeide_1.15.0/plugins/com.st.stm32cube.ide.mcu.externaltools.gnu-tools-for-stm32.12.3.rel1.linux64_1.0.100.202403111256/tools/bin/../lib/gcc/arm-none-eabi/12.3.1/thumb/v7e-m+fp/hard/libgcc.a
LOAD /opt/st/stm32cubeide_1.15.0/plugins/com.st.stm32cube.ide.mcu.externaltools.gnu-tools-for-stm32.12.3.rel1.linux64_1.0.100.202403111256/tools/bin/../lib/gcc/arm-none-eabi/12.3.1/../../../../arm-none-eabi/lib/thumb/v7e-m+fp/hard/libc_nano.a
LOAD /opt/st/stm32cubeide_1.15.0/plugins/com.st.stm32cube.ide.mcu.externaltools.gnu-tools-for-stm32.12.3.rel1.linux64_1.0.100.202403111256/tools/bin/../lib/gcc/arm-none-eabi/12.3.1/../../../../arm-none-eabi/lib/thumb/v7e-m+fp/hard/libnosys.a
END GROUP
START GROUP
LOAD /opt/st/stm32cubeide_1.15.0/plugins/com.st.stm32cube.ide.mcu.externaltools.gnu-tools-for-stm32.12.3.rel1.linux64_1.0.100.202403111256/tools/bin/../lib/gcc/arm-none-eabi/12.3.1/thumb/v7e-m+fp/hard/libgcc.a
LOAD /opt/st/stm32cubeide_1.15.0/plugins/com.st.stm32cube.ide.mcu.externaltools.gnu-tools-for-stm32.12.3.rel1.linux64_1.0.100.202403111256/tools/bin/../lib/gcc/arm-none-eabi/12.3.1/../../../../arm-none-eabi/lib/thumb/v7e-m+fp/hard/libc_nano.a
LOAD /opt/st/stm32cubeide_1.15.0/plugins/com.st.stm32cube.ide.mcu.externaltools.gnu-tools-for-stm32.12.3.rel1.linux64_1.0.100.202403111256/tools/bin/../lib/gcc/arm-none-eabi/12.3.1/../../../../arm-none-eabi/lib/thumb/v7e-m+fp/hard/libnosys.a
END GROUP
LOAD /opt/st/stm32cubeide_1.15.0/plugins/com.st.stm32cube.ide.mcu.externaltools.gnu-tools-for-stm32.12.3.rel1.linux64_1.0.100.202403111256/tools/bin/../lib/gcc/arm-none-eabi/12.3.1/thumb/v7e-m+fp/hard/crtend.o
LOAD /opt/st/stm32cubeide_1.15.0/plugins/com.st.stm32cube.ide.mcu.externaltools.gnu-tools-for-stm32.12.3.rel1.linux64_1.0.100.202403111256/tools/bin/../lib/gcc/arm-none-eabi/12.3.1/thumb/v7e-m+fp/hard/crtn.o
                0x20020000                        _estack = (ORIGIN (RAM) + LENGTH (RAM))
                0x00000200                        _Min_Heap_Size = 0x200
                0x00000400                        _Min_Stack_Size = 0x400

.isr_vector     0x08000000      0x188
                0x08000000                        . = ALIGN (0x4)
 *(.isr_vector)
 .isr_vector    0x08000000      0x188 ./Startup/startup_stm32f407vgtx.o
                0x08000000                g_pfnVectors
                0x08000188                        . = ALIGN (0x4)

.text           0x08000190     0x1874
                0x08000190                        . = ALIGN (0x4)
 *(.text)
 .text          0x08000190       0x40 /opt/st/stm32cubeide_1.15.0/plugins/com.st.stm32cube.ide.mcu.externaltools.gnu-tools-for-stm32.12.3.rel1.linux64_1.0.100.202403111256/tools/bin/../lib/gcc/arm-none-eabi/12.3.1/thumb/v7e-m+fp/hard/crtbegin.o
 *(.text*)
 .text.DelayMs  0x080001d0       0x50 ./Src/led.o
 .text.LedInit  0x08000220       0xb8 ./Src/led.o
                0x08000220                LedInit
 .text.LedOn    0x080002d8       0x2c ./Src/led.o
                0x080002d8                LedOn
 .text.LedOff   0x08000304       0x30 ./Src/led.o
                0x08000304                LedOff
 .text.LedBlink
                0x08000334       0x24 ./Src/led.o
                0x08000334                LedBlink
 .text.AperiodicRED_LED
                0x08000358       0x1e ./Src/main.o
                0x08000358                AperiodicRED_LED
 .text.AperiodicGREEN_LED
                0x08000376       0x1e ./Src/main.o
                0x08000376                AperiodicGREEN_LED
 .text.AperiodicBLUE_LED
                0x08000394       0x1e ./Src/main.o
                0x08000394                AperiodicBLUE_LED
 .text.AperiodicORANGE_LED
                0x080003b2       0x1e ./Src/main.o
                0x080003b2                AperiodicORANGE_LED
 .text.main     0x080003d0       0x98 ./Src/main.o
                0x080003d0                main
 .text.SystemInit
                0x08000468       0x20 ./Src/system_stm32f4xx.o
                0x08000468                SystemInit
 .text.DWT_Init
                0x08000488       0x60 ./Src/system_stm32f4xx.o
                0x08000488                DWT_Init
 .text.Reset_Handler
                0x080004e8       0x50 ./Startup/startup_stm32f407vgtx.o
                0x080004e8                Reset_Handler
 .text.Default_Handler
                0x08000538        0x2 ./Startup/startup_stm32f407vgtx.o
                0x08000538                RTC_Alarm_IRQHandler
                0x08000538                HASH_RNG_IRQHandler
                0x08000538                EXTI2_IRQHandler
                0x08000538                TIM8_CC_IRQHandler
                0x08000538                DebugMon_Handler
                0x08000538                TIM1_CC_IRQHandler
                0x08000538                DMA2_Stream5_IRQHandler
                0x08000538                HardFault_Handler
                0x08000538                DMA1_Stream5_IRQHandler
                0x08000538                PVD_IRQHandler
                0x08000538                SDIO_IRQHandler
                0x08000538                TAMP_STAMP_IRQHandler
                0x08000538                NMI_Handler
                0x08000538                CAN2_RX1_IRQHandler
                0x08000538                EXTI3_IRQHandler
                0x08000538                TIM8_TRG_COM_TIM14_IRQHandler
                0x08000538                TIM1_UP_TIM10_IRQHandler
                0x08000538                TIM8_UP_TIM13_IRQHandler
                0x08000538                I2C3_ER_IRQHandler
                0x08000538                EXTI0_IRQHandler
                0x08000538                I2C2_EV_IRQHandler
                0x08000538                DMA1_Stream2_IRQHandler
                0x08000538                CAN1_RX0_IRQHandler
                0x08000538                FPU_IRQHandler
                0x08000538                OTG_HS_WKUP_IRQHandler
                0x08000538                UsageFault_Handler
                0x08000538                CAN2_SCE_IRQHandler
                0x08000538                DMA2_Stream2_IRQHandler
                0x08000538                SPI1_IRQHandler
                0x08000538                TIM6_DAC_IRQHandler
                0x08000538                TIM1_BRK_TIM9_IRQHandler
                0x08000538                DCMI_IRQHandler
                0x08000538                CAN2_RX0_IRQHandler
                0x08000538                DMA2_Stream3_IRQHandler
                0x08000538                USART6_IRQHandler
                0x08000538                USART3_IRQHandler
                0x08000538                CRYP_IRQHandler
                0x08000538                CAN1_RX1_IRQHandler
                0x08000538                UART5_IRQHandler
                0x08000538                DMA2_Stream0_IRQHandler
                0x08000538                TIM4_IRQHandler
                0x08000538                I2C1_EV_IRQHandler
                0x08000538                DMA1_Stream6_IRQHandler
                0x08000538                DMA1_Stream1_IRQHandler
                0x08000538                UART4_IRQHandler
                0x08000538                TIM3_IRQHandler
                0x08000538                RCC_IRQHandler
                0x08000538                TIM8_BRK_TIM12_IRQHandler
                0x08000538                Default_Handler
                0x08000538                EXTI15_10_IRQHandler
                0x08000538                ADC_IRQHandler
                0x08000538                DMA1_Stream7_IRQHandler
                0x08000538                TIM7_IRQHandler
                0x08000538                CAN2_TX_IRQHandler
                0x08000538                TIM5_IRQHandler
                0x08000538                DMA2_Stream7_IRQHandler
                0x08000538                I2C3_EV_IRQHandler
                0x08000538                EXTI9_5_IRQHandler
                0x08000538                RTC_WKUP_IRQHandler
                0x08000538                ETH_WKUP_IRQHandler
                0x08000538                SPI2_IRQHandler
                0x08000538                OTG_HS_EP1_IN_IRQHandler
                0x08000538                MemManage_Handler
                0x08000538                DMA1_Stream0_IRQHandler
                0x08000538                CAN1_TX_IRQHandler
                0x08000538                EXTI4_IRQHandler
                0x08000538                FSMC_IRQHandler
                0x08000538                ETH_IRQHandler
                0x08000538                OTG_HS_EP1_OUT_IRQHandler
                0x08000538                WWDG_IRQHandler
                0x08000538                TIM2_IRQHandler
                0x08000538                OTG_FS_WKUP_IRQHandler
                0x08000538                TIM1_TRG_COM_TIM11_IRQHandler
                0x08000538                OTG_HS_IRQHandler
                0x08000538                EXTI1_IRQHandler
                0x08000538                USART2_IRQHandler
                0x08000538                I2C2_ER_IRQHandler
                0x08000538                DMA2_Stream1_IRQHandler
                0x08000538                CAN1_SCE_IRQHandler
                0x08000538                DMA2_Stream4_IRQHandler
                0x08000538                BusFault_Handler
                0x08000538                USART1_IRQHandler
                0x08000538                OTG_FS_IRQHandler
                0x08000538                SPI3_IRQHandler
                0x08000538                DMA1_Stream4_IRQHandler
                0x08000538                I2C1_ER_IRQHandler
                0x08000538                DMA2_Stream6_IRQHandler
                0x08000538                DMA1_Stream3_IRQHandler
 .text.vListInitialise
                0x0800053a       0x40 ./thirdparty/FreeRTOS/list.o
                0x0800053a                vListInitialise
 .text.vListInitialiseItem
                0x0800057a       0x1a ./thirdparty/FreeRTOS/list.o
                0x0800057a                vListInitialiseItem
 .text.vListInsertEnd
                0x08000594       0x48 ./thirdparty/FreeRTOS/list.o
                0x08000594                vListInsertEnd
 .text.vListInsert
                0x080005dc       0x72 ./thirdparty/FreeRTOS/list.o
                0x080005dc                vListInsert
 .text.uxListRemove
                0x0800064e       0x54 ./thirdparty/FreeRTOS/list.o
                0x0800064e                uxListRemove
 .text.xTaskCreate
                0x080006a2       0x82 ./thirdparty/FreeRTOS/tasks.o
                0x080006a2                xTaskCreate
 .text.prvInitialiseNewTask
                0x08000724      0x14c ./thirdparty/FreeRTOS/tasks.o
 .text.prvAddNewTaskToReadyList
                0x08000870       0xd4 ./thirdparty/FreeRTOS/tasks.o
 .text.vTaskDelay
                0x08000944       0x6c ./thirdparty/FreeRTOS/tasks.o
                0x08000944                vTaskDelay
 .text.vTaskStartScheduler
                0x080009b0       0xac ./thirdparty/FreeRTOS/tasks.o
                0x080009b0                vTaskStartScheduler
 .text.vTaskSuspendAll
                0x08000a5c       0x1c ./thirdparty/FreeRTOS/tasks.o
                0x08000a5c                vTaskSuspendAll
 .text.xTaskResumeAll
                0x08000a78      0x13c ./thirdparty/FreeRTOS/tasks.o
                0x08000a78                xTaskResumeAll
 .text.xTaskIncrementTick
                0x08000bb4      0x174 ./thirdparty/FreeRTOS/tasks.o
                0x08000bb4                xTaskIncrementTick
 .text.vTaskSwitchContext
                0x08000d28       0xc8 ./thirdparty/FreeRTOS/tasks.o
                0x08000d28                vTaskSwitchContext
 .text.prvIdleTask
                0x08000df0       0x30 ./thirdparty/FreeRTOS/tasks.o
 .text.prvInitialiseTaskLists
                0x08000e20       0x80 ./thirdparty/FreeRTOS/tasks.o
 .text.prvCheckTasksWaitingTermination
                0x08000ea0       0x5c ./thirdparty/FreeRTOS/tasks.o
 .text.prvDeleteTCB
                0x08000efc       0x2a ./thirdparty/FreeRTOS/tasks.o
 *fill*         0x08000f26        0x2 
 .text.prvResetNextTaskUnblockTime
                0x08000f28       0x38 ./thirdparty/FreeRTOS/tasks.o
 .text.prvAddCurrentTaskToDelayedList
                0x08000f60       0xcc ./thirdparty/FreeRTOS/tasks.o
 .text.pxPortInitialiseStack
                0x0800102c       0x68 ./thirdparty/FreeRTOS/portable/GCC/ARM_CM4F/port.o
                0x0800102c                pxPortInitialiseStack
 .text.prvTaskExitError
                0x08001094       0x5c ./thirdparty/FreeRTOS/portable/GCC/ARM_CM4F/port.o
 .text.SVC_Handler
                0x080010f0       0x28 ./thirdparty/FreeRTOS/portable/GCC/ARM_CM4F/port.o
                0x080010f0                SVC_Handler
 .text.prvPortStartFirstTask
                0x08001118       0x2c ./thirdparty/FreeRTOS/portable/GCC/ARM_CM4F/port.o
 .text.xPortStartScheduler
                0x08001144      0x148 ./thirdparty/FreeRTOS/portable/GCC/ARM_CM4F/port.o
                0x08001144                xPortStartScheduler
 .text.vPortEnterCritical
                0x0800128c       0x64 ./thirdparty/FreeRTOS/portable/GCC/ARM_CM4F/port.o
                0x0800128c                vPortEnterCritical
 .text.vPortExitCritical
                0x080012f0       0x54 ./thirdparty/FreeRTOS/portable/GCC/ARM_CM4F/port.o
                0x080012f0                vPortExitCritical
 *fill*         0x08001344        0xc 
 .text.PendSV_Handler
                0x08001350       0x68 ./thirdparty/FreeRTOS/portable/GCC/ARM_CM4F/port.o
                0x08001350                PendSV_Handler
 .text.SysTick_Handler
                0x080013b8       0x44 ./thirdparty/FreeRTOS/portable/GCC/ARM_CM4F/port.o
                0x080013b8                SysTick_Handler
 .text.vPortSetupTimerInterrupt
                0x080013fc       0x48 ./thirdparty/FreeRTOS/portable/GCC/ARM_CM4F/port.o
                0x080013fc                vPortSetupTimerInterrupt
 .text.vPortEnableVFP
                0x08001444       0x18 ./thirdparty/FreeRTOS/portable/GCC/ARM_CM4F/port.o
 .text.pvPortMalloc
                0x0800145c      0x19c ./thirdparty/FreeRTOS/portable/MemMang/heap_4.o
                0x0800145c                pvPortMalloc
 .text.vPortFree
                0x080015f8       0xc8 ./thirdparty/FreeRTOS/portable/MemMang/heap_4.o
                0x080015f8                vPortFree
 .text.prvHeapInit
                0x080016c0       0xc4 ./thirdparty/FreeRTOS/portable/MemMang/heap_4.o
 .text.prvInsertBlockIntoFreeList
                0x08001784       0xb4 ./thirdparty/FreeRTOS/portable/MemMang/heap_4.o
 .text.memset   0x08001838       0x10 /opt/st/stm32cubeide_1.15.0/plugins/com.st.stm32cube.ide.mcu.externaltools.gnu-tools-for-stm32.12.3.rel1.linux64_1.0.100.202403111256/tools/bin/../lib/gcc/arm-none-eabi/12.3.1/../../../../arm-none-eabi/lib/thumb/v7e-m+fp/hard/libc_nano.a(libc_a-memset.o)
                0x08001838                memset
 .text._reclaim_reent
                0x08001848       0xac /opt/st/stm32cubeide_1.15.0/plugins/com.st.stm32cube.ide.mcu.externaltools.gnu-tools-for-stm32.12.3.rel1.linux64_1.0.100.202403111256/tools/bin/../lib/gcc/arm-none-eabi/12.3.1/../../../../arm-none-eabi/lib/thumb/v7e-m+fp/hard/libc_nano.a(libc_a-reent.o)
                0x08001848                _reclaim_reent
 .text.__libc_init_array
                0x080018f4       0x48 /opt/st/stm32cubeide_1.15.0/plugins/com.st.stm32cube.ide.mcu.externaltools.gnu-tools-for-stm32.12.3.rel1.linux64_1.0.100.202403111256/tools/bin/../lib/gcc/arm-none-eabi/12.3.1/../../../../arm-none-eabi/lib/thumb/v7e-m+fp/hard/libc_nano.a(libc_a-init.o)
                0x080018f4                __libc_init_array
 .text.__retarget_lock_acquire_recursive
                0x0800193c        0x2 /opt/st/stm32cubeide_1.15.0/plugins/com.st.stm32cube.ide.mcu.externaltools.gnu-tools-for-stm32.12.3.rel1.linux64_1.0.100.202403111256/tools/bin/../lib/gcc/arm-none-eabi/12.3.1/../../../../arm-none-eabi/lib/thumb/v7e-m+fp/hard/libc_nano.a(libc_a-lock.o)
                0x0800193c                __retarget_lock_acquire_recursive
 .text.__retarget_lock_release_recursive
                0x0800193e        0x2 /opt/st/stm32cubeide_1.15.0/plugins/com.st.stm32cube.ide.mcu.externaltools.gnu-tools-for-stm32.12.3.rel1.linux64_1.0.100.202403111256/tools/bin/../lib/gcc/arm-none-eabi/12.3.1/../../../../arm-none-eabi/lib/thumb/v7e-m+fp/hard/libc_nano.a(libc_a-lock.o)
                0x0800193e                __retarget_lock_release_recursive
 .text._free_r  0x08001940       0x94 /opt/st/stm32cubeide_1.15.0/plugins/com.st.stm32cube.ide.mcu.externaltools.gnu-tools-for-stm32.12.3.rel1.linux64_1.0.100.202403111256/tools/bin/../lib/gcc/arm-none-eabi/12.3.1/../../../../arm-none-eabi/lib/thumb/v7e-m+fp/hard/libc_nano.a(libc_a-freer.o)
                0x08001940                _free_r
 .text.__malloc_lock
                0x080019d4        0xc /opt/st/stm32cubeide_1.15.0/plugins/com.st.stm32cube.ide.mcu.externaltools.gnu-tools-for-stm32.12.3.rel1.linux64_1.0.100.202403111256/tools/bin/../lib/gcc/arm-none-eabi/12.3.1/../../../../arm-none-eabi/lib/thumb/v7e-m+fp/hard/libc_nano.a(libc_a-mlock.o)
                0x080019d4                __malloc_lock
 .text.__malloc_unlock
                0x080019e0        0xc /opt/st/stm32cubeide_1.15.0/plugins/com.st.stm32cube.ide.mcu.externaltools.gnu-tools-for-stm32.12.3.rel1.linux64_1.0.100.202403111256/tools/bin/../lib/gcc/arm-none-eabi/12.3.1/../../../../arm-none-eabi/lib/thumb/v7e-m+fp/hard/libc_nano.a(libc_a-mlock.o)
                0x080019e0                __malloc_unlock
 *(.glue_7)
 .glue_7        0x080019ec        0x0 linker stubs
 *(.glue_7t)
 .glue_7t       0x080019ec        0x0 linker stubs
 *(.eh_frame)
 .eh_frame      0x080019ec        0x0 /opt/st/stm32cubeide_1.15.0/plugins/com.st.stm32cube.ide.mcu.externaltools.gnu-tools-for-stm32.12.3.rel1.linux64_1.0.100.202403111256/tools/bin/../lib/gcc/arm-none-eabi/12.3.1/thumb/v7e-m+fp/hard/crtbegin.o
 *(.init)
 .init          0x080019ec        0x4 /opt/st/stm32cubeide_1.15.0/plugins/com.st.stm32cube.ide.mcu.externaltools.gnu-tools-for-stm32.12.3.rel1.linux64_1.0.100.202403111256/tools/bin/../lib/gcc/arm-none-eabi/12.3.1/thumb/v7e-m+fp/hard/crti.o
                0x080019ec                _init
 .init          0x080019f0        0x8 /opt/st/stm32cubeide_1.15.0/plugins/com.st.stm32cube.ide.mcu.externaltools.gnu-tools-for-stm32.12.3.rel1.linux64_1.0.100.202403111256/tools/bin/../lib/gcc/arm-none-eabi/12.3.1/thumb/v7e-m+fp/hard/crtn.o
 *(.fini)
 .fini          0x080019f8        0x4 /opt/st/stm32cubeide_1.15.0/plugins/com.st.stm32cube.ide.mcu.externaltools.gnu-tools-for-stm32.12.3.rel1.linux64_1.0.100.202403111256/tools/bin/../lib/gcc/arm-none-eabi/12.3.1/thumb/v7e-m+fp/hard/crti.o
                0x080019f8                _fini
 .fini          0x080019fc        0x8 /opt/st/stm32cubeide_1.15.0/plugins/com.st.stm32cube.ide.mcu.externaltools.gnu-tools-for-stm32.12.3.rel1.linux64_1.0.100.202403111256/tools/bin/../lib/gcc/arm-none-eabi/12.3.1/thumb/v7e-m+fp/hard/crtn.o
                0x08001a04                        . = ALIGN (0x4)
                0x08001a04                        _etext = .

.vfp11_veneer   0x08001a04        0x0
 .vfp11_veneer  0x08001a04        0x0 linker stubs

.v4_bx          0x08001a04        0x0
 .v4_bx         0x08001a04        0x0 linker stubs

.iplt           0x08001a04        0x0
 .iplt          0x08001a04        0x0 /opt/st/stm32cubeide_1.15.0/plugins/com.st.stm32cube.ide.mcu.externaltools.gnu-tools-for-stm32.12.3.rel1.linux64_1.0.100.202403111256/tools/bin/../lib/gcc/arm-none-eabi/12.3.1/thumb/v7e-m+fp/hard/crtbegin.o

.rodata         0x08001a04       0x34
                0x08001a04                        . = ALIGN (0x4)
 *(.rodata)
 .rodata        0x08001a04       0x2b ./Src/main.o
 *fill*         0x08001a2f        0x1 
 .rodata        0x08001a30        0x5 ./thirdparty/FreeRTOS/tasks.o
 *(.rodata*)
                0x08001a38                        . = ALIGN (0x4)
 *fill*         0x08001a35        0x3 

.ARM.extab      0x08001a38        0x0
                0x08001a38                        . = ALIGN (0x4)
 *(.ARM.extab* .gnu.linkonce.armextab.*)
                0x08001a38                        . = ALIGN (0x4)

.ARM            0x08001a38        0x0
                0x08001a38                        . = ALIGN (0x4)
                0x08001a38                        __exidx_start = .
 *(.ARM.exidx*)
                0x08001a38                        __exidx_end = .
                0x08001a38                        . = ALIGN (0x4)

.preinit_array  0x08001a38        0x0
                0x08001a38                        . = ALIGN (0x4)
                0x08001a38                        PROVIDE (__preinit_array_start = .)
 *(.preinit_array*)
                0x08001a38                        PROVIDE (__preinit_array_end = .)
                0x08001a38                        . = ALIGN (0x4)

.init_array     0x08001a38        0x4
                0x08001a38                        . = ALIGN (0x4)
                0x08001a38                        PROVIDE (__init_array_start = .)
 *(SORT_BY_NAME(.init_array.*))
 *(.init_array*)
 .init_array    0x08001a38        0x4 /opt/st/stm32cubeide_1.15.0/plugins/com.st.stm32cube.ide.mcu.externaltools.gnu-tools-for-stm32.12.3.rel1.linux64_1.0.100.202403111256/tools/bin/../lib/gcc/arm-none-eabi/12.3.1/thumb/v7e-m+fp/hard/crtbegin.o
                0x08001a3c                        PROVIDE (__init_array_end = .)
                0x08001a3c                        . = ALIGN (0x4)

.fini_array     0x08001a3c        0x4
                0x08001a3c                        . = ALIGN (0x4)
                [!provide]                        PROVIDE (__fini_array_start = .)
 *(SORT_BY_NAME(.fini_array.*))
 *(.fini_array*)
 .fini_array    0x08001a3c        0x4 /opt/st/stm32cubeide_1.15.0/plugins/com.st.stm32cube.ide.mcu.externaltools.gnu-tools-for-stm32.12.3.rel1.linux64_1.0.100.202403111256/tools/bin/../lib/gcc/arm-none-eabi/12.3.1/thumb/v7e-m+fp/hard/crtbegin.o
                [!provide]                        PROVIDE (__fini_array_end = .)
                0x08001a40                        . = ALIGN (0x4)
                0x08001a40                        _sidata = LOADADDR (.data)

.rel.dyn        0x08001a40        0x0
 .rel.iplt      0x08001a40        0x0 /opt/st/stm32cubeide_1.15.0/plugins/com.st.stm32cube.ide.mcu.externaltools.gnu-tools-for-stm32.12.3.rel1.linux64_1.0.100.202403111256/tools/bin/../lib/gcc/arm-none-eabi/12.3.1/thumb/v7e-m+fp/hard/crtbegin.o

.data           0x20000000       0x5c load address 0x08001a40
                0x20000000                        . = ALIGN (0x4)
                0x20000000                        _sdata = .
 *(.data)
 *(.data*)
 .data.SystemCoreClock
                0x20000000        0x4 ./Src/system_stm32f4xx.o
                0x20000000                SystemCoreClock
 .data.uxTopUsedPriority
                0x20000004        0x4 ./thirdparty/FreeRTOS/tasks.o
                0x20000004                uxTopUsedPriority
 .data.uxCriticalNesting
                0x20000008        0x4 ./thirdparty/FreeRTOS/portable/GCC/ARM_CM4F/port.o
 .data._impure_ptr
                0x2000000c        0x4 /opt/st/stm32cubeide_1.15.0/plugins/com.st.stm32cube.ide.mcu.externaltools.gnu-tools-for-stm32.12.3.rel1.linux64_1.0.100.202403111256/tools/bin/../lib/gcc/arm-none-eabi/12.3.1/../../../../arm-none-eabi/lib/thumb/v7e-m+fp/hard/libc_nano.a(libc_a-impure.o)
                0x2000000c                _impure_ptr
 .data._impure_data
                0x20000010       0x4c /opt/st/stm32cubeide_1.15.0/plugins/com.st.stm32cube.ide.mcu.externaltools.gnu-tools-for-stm32.12.3.rel1.linux64_1.0.100.202403111256/tools/bin/../lib/gcc/arm-none-eabi/12.3.1/../../../../arm-none-eabi/lib/thumb/v7e-m+fp/hard/libc_nano.a(libc_a-impure.o)
                0x20000010                _impure_data
 *(.RamFunc)
 *(.RamFunc*)
                0x2000005c                        . = ALIGN (0x4)
                0x2000005c                        _edata = .
                0x08001a9c                        _siccmram = LOADADDR (.ccmram)

.igot.plt       0x2000005c        0x0 load address 0x08001a9c
 .igot.plt      0x2000005c        0x0 /opt/st/stm32cubeide_1.15.0/plugins/com.st.stm32cube.ide.mcu.externaltools.gnu-tools-for-stm32.12.3.rel1.linux64_1.0.100.202403111256/tools/bin/../lib/gcc/arm-none-eabi/12.3.1/thumb/v7e-m+fp/hard/crtbegin.o

.ccmram         0x10000000        0x0 load address 0x08001a9c
                0x10000000                        . = ALIGN (0x4)
                0x10000000                        _sccmram = .
 *(.ccmram)
 *(.ccmram*)
                0x10000000                        . = ALIGN (0x4)
                0x10000000                        _eccmram = .
                0x10000000                        . = ALIGN (0x4)

.bss            0x2000005c     0x3eb0
                0x2000005c                        _sbss = .
                0x2000005c                        __bss_start__ = _sbss
 *(.bss)
 .bss           0x2000005c       0x1c /opt/st/stm32cubeide_1.15.0/plugins/com.st.stm32cube.ide.mcu.externaltools.gnu-tools-for-stm32.12.3.rel1.linux64_1.0.100.202403111256/tools/bin/../lib/gcc/arm-none-eabi/12.3.1/thumb/v7e-m+fp/hard/crtbegin.o
 *(.bss*)
 .bss.pxCurrentTCB
                0x20000078        0x4 ./thirdparty/FreeRTOS/tasks.o
                0x20000078                pxCurrentTCB
 .bss.pxReadyTasksLists
                0x2000007c       0x8c ./thirdparty/FreeRTOS/tasks.o
 .bss.xDelayedTaskList1
                0x20000108       0x14 ./thirdparty/FreeRTOS/tasks.o
 .bss.xDelayedTaskList2
                0x2000011c       0x14 ./thirdparty/FreeRTOS/tasks.o
 .bss.pxDelayedTaskList
                0x20000130        0x4 ./thirdparty/FreeRTOS/tasks.o
 .bss.pxOverflowDelayedTaskList
                0x20000134        0x4 ./thirdparty/FreeRTOS/tasks.o
 .bss.xPendingReadyList
                0x20000138       0x14 ./thirdparty/FreeRTOS/tasks.o
 .bss.xTasksWaitingTermination
                0x2000014c       0x14 ./thirdparty/FreeRTOS/tasks.o
 .bss.uxDeletedTasksWaitingCleanUp
                0x20000160        0x4 ./thirdparty/FreeRTOS/tasks.o
 .bss.xSuspendedTaskList
                0x20000164       0x14 ./thirdparty/FreeRTOS/tasks.o
 .bss.uxCurrentNumberOfTasks
                0x20000178        0x4 ./thirdparty/FreeRTOS/tasks.o
 .bss.xTickCount
                0x2000017c        0x4 ./thirdparty/FreeRTOS/tasks.o
 .bss.uxTopReadyPriority
                0x20000180        0x4 ./thirdparty/FreeRTOS/tasks.o
 .bss.xSchedulerRunning
                0x20000184        0x4 ./thirdparty/FreeRTOS/tasks.o
 .bss.xPendedTicks
                0x20000188        0x4 ./thirdparty/FreeRTOS/tasks.o
 .bss.xYieldPending
                0x2000018c        0x4 ./thirdparty/FreeRTOS/tasks.o
 .bss.xNumOfOverflows
                0x20000190        0x4 ./thirdparty/FreeRTOS/tasks.o
 .bss.uxTaskNumber
                0x20000194        0x4 ./thirdparty/FreeRTOS/tasks.o
 .bss.xNextTaskUnblockTime
                0x20000198        0x4 ./thirdparty/FreeRTOS/tasks.o
 .bss.xIdleTaskHandle
                0x2000019c        0x4 ./thirdparty/FreeRTOS/tasks.o
 .bss.uxSchedulerSuspended
                0x200001a0        0x4 ./thirdparty/FreeRTOS/tasks.o
 .bss.ucMaxSysCallPriority
                0x200001a4        0x1 ./thirdparty/FreeRTOS/portable/GCC/ARM_CM4F/port.o
 *fill*         0x200001a5        0x3 
 .bss.ulMaxPRIGROUPValue
                0x200001a8        0x4 ./thirdparty/FreeRTOS/portable/GCC/ARM_CM4F/port.o
 .bss.ucHeap    0x200001ac     0x3c00 ./thirdparty/FreeRTOS/portable/MemMang/heap_4.o
 .bss.xStart    0x20003dac        0x8 ./thirdparty/FreeRTOS/portable/MemMang/heap_4.o
 .bss.pxEnd     0x20003db4        0x4 ./thirdparty/FreeRTOS/portable/MemMang/heap_4.o
 .bss.xFreeBytesRemaining
                0x20003db8        0x4 ./thirdparty/FreeRTOS/portable/MemMang/heap_4.o
 .bss.xMinimumEverFreeBytesRemaining
                0x20003dbc        0x4 ./thirdparty/FreeRTOS/portable/MemMang/heap_4.o
 .bss.xNumberOfSuccessfulAllocations
                0x20003dc0        0x4 ./thirdparty/FreeRTOS/portable/MemMang/heap_4.o
 .bss.xNumberOfSuccessfulFrees
                0x20003dc4        0x4 ./thirdparty/FreeRTOS/portable/MemMang/heap_4.o
 .bss.xBlockAllocatedBit
                0x20003dc8        0x4 ./thirdparty/FreeRTOS/portable/MemMang/heap_4.o
 .bss.__sf      0x20003dcc      0x138 /opt/st/stm32cubeide_1.15.0/plugins/com.st.stm32cube.ide.mcu.externaltools.gnu-tools-for-stm32.12.3.rel1.linux64_1.0.100.202403111256/tools/bin/../lib/gcc/arm-none-eabi/12.3.1/../../../../arm-none-eabi/lib/thumb/v7e-m+fp/hard/libc_nano.a(libc_a-findfp.o)
                0x20003dcc                __sf
 .bss.__lock___malloc_recursive_mutex
                0x20003f04        0x1 /opt/st/stm32cubeide_1.15.0/plugins/com.st.stm32cube.ide.mcu.externaltools.gnu-tools-for-stm32.12.3.rel1.linux64_1.0.100.202403111256/tools/bin/../lib/gcc/arm-none-eabi/12.3.1/../../../../arm-none-eabi/lib/thumb/v7e-m+fp/hard/libc_nano.a(libc_a-lock.o)
                0x20003f04                __lock___malloc_recursive_mutex
 *fill*         0x20003f05        0x3 
 .bss.__malloc_free_list
                0x20003f08        0x4 /opt/st/stm32cubeide_1.15.0/plugins/com.st.stm32cube.ide.mcu.externaltools.gnu-tools-for-stm32.12.3.rel1.linux64_1.0.100.202403111256/tools/bin/../lib/gcc/arm-none-eabi/12.3.1/../../../../arm-none-eabi/lib/thumb/v7e-m+fp/hard/libc_nano.a(libc_a-mallocr.o)
                0x20003f08                __malloc_free_list
 *(COMMON)
                0x20003f0c                        . = ALIGN (0x4)
                0x20003f0c                        _ebss = .
                0x20003f0c                        __bss_end__ = _ebss

._user_heap_stack
                0x20003f0c      0x604
                0x20003f10                        . = ALIGN (0x8)
 *fill*         0x20003f0c        0x4 
                [!provide]                        PROVIDE (end = .)
                0x20003f10                        PROVIDE (_end = .)
                0x20004110                        . = (. + _Min_Heap_Size)
 *fill*         0x20003f10      0x200 
                0x20004510                        . = (. + _Min_Stack_Size)
 *fill*         0x20004110      0x400 
                0x20004510                        . = ALIGN (0x8)

/DISCARD/
 libc.a(*)
 libm.a(*)
 libgcc.a(*)

.ARM.attributes
                0x00000000       0x30
 *(.ARM.attributes)
 .ARM.attributes
                0x00000000       0x22 /opt/st/stm32cubeide_1.15.0/plugins/com.st.stm32cube.ide.mcu.externaltools.gnu-tools-for-stm32.12.3.rel1.linux64_1.0.100.202403111256/tools/bin/../lib/gcc/arm-none-eabi/12.3.1/thumb/v7e-m+fp/hard/crti.o
 .ARM.attributes
                0x00000022       0x34 /opt/st/stm32cubeide_1.15.0/plugins/com.st.stm32cube.ide.mcu.externaltools.gnu-tools-for-stm32.12.3.rel1.linux64_1.0.100.202403111256/tools/bin/../lib/gcc/arm-none-eabi/12.3.1/thumb/v7e-m+fp/hard/crtbegin.o
 .ARM.attributes
                0x00000056       0x34 ./Src/led.o
 .ARM.attributes
                0x0000008a       0x34 ./Src/main.o
 .ARM.attributes
                0x000000be       0x34 ./Src/system_stm32f4xx.o
 .ARM.attributes
                0x000000f2       0x21 ./Startup/startup_stm32f407vgtx.o
 .ARM.attributes
                0x00000113       0x34 ./thirdparty/FreeRTOS/list.o
 .ARM.attributes
                0x00000147       0x34 ./thirdparty/FreeRTOS/tasks.o
 .ARM.attributes
                0x0000017b       0x34 ./thirdparty/FreeRTOS/portable/GCC/ARM_CM4F/port.o
 .ARM.attributes
                0x000001af       0x34 ./thirdparty/FreeRTOS/portable/MemMang/heap_4.o
 .ARM.attributes
                0x000001e3       0x34 /opt/st/stm32cubeide_1.15.0/plugins/com.st.stm32cube.ide.mcu.externaltools.gnu-tools-for-stm32.12.3.rel1.linux64_1.0.100.202403111256/tools/bin/../lib/gcc/arm-none-eabi/12.3.1/../../../../arm-none-eabi/lib/thumb/v7e-m+fp/hard/libc_nano.a(libc_a-findfp.o)
 .ARM.attributes
                0x00000217       0x34 /opt/st/stm32cubeide_1.15.0/plugins/com.st.stm32cube.ide.mcu.externaltools.gnu-tools-for-stm32.12.3.rel1.linux64_1.0.100.202403111256/tools/bin/../lib/gcc/arm-none-eabi/12.3.1/../../../../arm-none-eabi/lib/thumb/v7e-m+fp/hard/libc_nano.a(libc_a-memset.o)
 .ARM.attributes
                0x0000024b       0x34 /opt/st/stm32cubeide_1.15.0/plugins/com.st.stm32cube.ide.mcu.externaltools.gnu-tools-for-stm32.12.3.rel1.linux64_1.0.100.202403111256/tools/bin/../lib/gcc/arm-none-eabi/12.3.1/../../../../arm-none-eabi/lib/thumb/v7e-m+fp/hard/libc_nano.a(libc_a-reent.o)
 .ARM.attributes
                0x0000027f       0x34 /opt/st/stm32cubeide_1.15.0/plugins/com.st.stm32cube.ide.mcu.externaltools.gnu-tools-for-stm32.12.3.rel1.linux64_1.0.100.202403111256/tools/bin/../lib/gcc/arm-none-eabi/12.3.1/../../../../arm-none-eabi/lib/thumb/v7e-m+fp/hard/libc_nano.a(libc_a-impure.o)
 .ARM.attributes
                0x000002b3       0x34 /opt/st/stm32cubeide_1.15.0/plugins/com.st.stm32cube.ide.mcu.externaltools.gnu-tools-for-stm32.12.3.rel1.linux64_1.0.100.202403111256/tools/bin/../lib/gcc/arm-none-eabi/12.3.1/../../../../arm-none-eabi/lib/thumb/v7e-m+fp/hard/libc_nano.a(libc_a-init.o)
 .ARM.attributes
                0x000002e7       0x34 /opt/st/stm32cubeide_1.15.0/plugins/com.st.stm32cube.ide.mcu.externaltools.gnu-tools-for-stm32.12.3.rel1.linux64_1.0.100.202403111256/tools/bin/../lib/gcc/arm-none-eabi/12.3.1/../../../../arm-none-eabi/lib/thumb/v7e-m+fp/hard/libc_nano.a(libc_a-lock.o)
 .ARM.attributes
                0x0000031b       0x34 /opt/st/stm32cubeide_1.15.0/plugins/com.st.stm32cube.ide.mcu.externaltools.gnu-tools-for-stm32.12.3.rel1.linux64_1.0.100.202403111256/tools/bin/../lib/gcc/arm-none-eabi/12.3.1/../../../../arm-none-eabi/lib/thumb/v7e-m+fp/hard/libc_nano.a(libc_a-freer.o)
 .ARM.attributes
                0x0000034f       0x34 /opt/st/stm32cubeide_1.15.0/plugins/com.st.stm32cube.ide.mcu.externaltools.gnu-tools-for-stm32.12.3.rel1.linux64_1.0.100.202403111256/tools/bin/../lib/gcc/arm-none-eabi/12.3.1/../../../../arm-none-eabi/lib/thumb/v7e-m+fp/hard/libc_nano.a(libc_a-mallocr.o)
 .ARM.attributes
                0x00000383       0x34 /opt/st/stm32cubeide_1.15.0/plugins/com.st.stm32cube.ide.mcu.externaltools.gnu-tools-for-stm32.12.3.rel1.linux64_1.0.100.202403111256/tools/bin/../lib/gcc/arm-none-eabi/12.3.1/../../../../arm-none-eabi/lib/thumb/v7e-m+fp/hard/libc_nano.a(libc_a-mlock.o)
 .ARM.attributes
                0x000003b7       0x22 /opt/st/stm32cubeide_1.15.0/plugins/com.st.stm32cube.ide.mcu.externaltools.gnu-tools-for-stm32.12.3.rel1.linux64_1.0.100.202403111256/tools/bin/../lib/gcc/arm-none-eabi/12.3.1/thumb/v7e-m+fp/hard/crtn.o
OUTPUT(DAY3_ASSIGN2_LED.elf elf32-littlearm)
LOAD linker stubs
LOAD /opt/st/stm32cubeide_1.15.0/plugins/com.st.stm32cube.ide.mcu.externaltools.gnu-tools-for-stm32.12.3.rel1.linux64_1.0.100.202403111256/tools/bin/../lib/gcc/arm-none-eabi/12.3.1/../../../../arm-none-eabi/lib/thumb/v7e-m+fp/hard/libc.a
LOAD /opt/st/stm32cubeide_1.15.0/plugins/com.st.stm32cube.ide.mcu.externaltools.gnu-tools-for-stm32.12.3.rel1.linux64_1.0.100.202403111256/tools/bin/../lib/gcc/arm-none-eabi/12.3.1/../../../../arm-none-eabi/lib/thumb/v7e-m+fp/hard/libm.a
LOAD /opt/st/stm32cubeide_1.15.0/plugins/com.st.stm32cube.ide.mcu.externaltools.gnu-tools-for-stm32.12.3.rel1.linux64_1.0.100.202403111256/tools/bin/../lib/gcc/arm-none-eabi/12.3.1/thumb/v7e-m+fp/hard/libgcc.a

.debug_info     0x00000000     0x3e0d
 .debug_info    0x00000000      0x549 ./Src/led.o
 .debug_info    0x00000549      0x240 ./Src/main.o
 .debug_info    0x00000789      0x700 ./Src/system_stm32f4xx.o
 .debug_info    0x00000e89       0x30 ./Startup/startup_stm32f407vgtx.o
 .debug_info    0x00000eb9      0x2af ./thirdparty/FreeRTOS/list.o
 .debug_info    0x00001168     0x22ef ./thirdparty/FreeRTOS/tasks.o
 .debug_info    0x00003457      0x4e1 ./thirdparty/FreeRTOS/portable/GCC/ARM_CM4F/port.o
 .debug_info    0x00003938      0x4d5 ./thirdparty/FreeRTOS/portable/MemMang/heap_4.o

.debug_abbrev   0x00000000      0xd1d
 .debug_abbrev  0x00000000      0x136 ./Src/led.o
 .debug_abbrev  0x00000136      0x123 ./Src/main.o
 .debug_abbrev  0x00000259      0x161 ./Src/system_stm32f4xx.o
 .debug_abbrev  0x000003ba       0x24 ./Startup/startup_stm32f407vgtx.o
 .debug_abbrev  0x000003de       0xf5 ./thirdparty/FreeRTOS/list.o
 .debug_abbrev  0x000004d3      0x3d3 ./thirdparty/FreeRTOS/tasks.o
 .debug_abbrev  0x000008a6      0x25a ./thirdparty/FreeRTOS/portable/GCC/ARM_CM4F/port.o
 .debug_abbrev  0x00000b00      0x21d ./thirdparty/FreeRTOS/portable/MemMang/heap_4.o

.debug_aranges  0x00000000      0x3b0
 .debug_aranges
                0x00000000       0x40 ./Src/led.o
 .debug_aranges
                0x00000040       0x40 ./Src/main.o
 .debug_aranges
                0x00000080       0x38 ./Src/system_stm32f4xx.o
 .debug_aranges
                0x000000b8       0x28 ./Startup/startup_stm32f407vgtx.o
 .debug_aranges
                0x000000e0       0x40 ./thirdparty/FreeRTOS/list.o
 .debug_aranges
                0x00000120      0x1b8 ./thirdparty/FreeRTOS/tasks.o
 .debug_aranges
                0x000002d8       0x80 ./thirdparty/FreeRTOS/portable/GCC/ARM_CM4F/port.o
 .debug_aranges
                0x00000358       0x58 ./thirdparty/FreeRTOS/portable/MemMang/heap_4.o

.debug_rnglists
                0x00000000      0x2c0
 .debug_rnglists
                0x00000000       0x2c ./Src/led.o
 .debug_rnglists
                0x0000002c       0x2c ./Src/main.o
 .debug_rnglists
                0x00000058       0x26 ./Src/system_stm32f4xx.o
 .debug_rnglists
                0x0000007e       0x19 ./Startup/startup_stm32f407vgtx.o
 .debug_rnglists
                0x00000097       0x2b ./thirdparty/FreeRTOS/list.o
 .debug_rnglists
                0x000000c2      0x15f ./thirdparty/FreeRTOS/tasks.o
 .debug_rnglists
                0x00000221       0x5d ./thirdparty/FreeRTOS/portable/GCC/ARM_CM4F/port.o
 .debug_rnglists
                0x0000027e       0x42 ./thirdparty/FreeRTOS/portable/MemMang/heap_4.o

.debug_macro    0x00000000    0x19351
 .debug_macro   0x00000000       0xd7 ./Src/led.o
 .debug_macro   0x000000d7       0x2f ./Src/led.o
 .debug_macro   0x00000106       0x1c ./Src/led.o
 .debug_macro   0x00000122       0x22 ./Src/led.o
 .debug_macro   0x00000144       0xd9 ./Src/led.o
 .debug_macro   0x0000021d     0x102d ./Src/led.o
 .debug_macro   0x0000124a      0x11f ./Src/led.o
 .debug_macro   0x00001369    0x15e3c ./Src/led.o
 .debug_macro   0x000171a5       0x28 ./Src/led.o
 .debug_macro   0x000171cd       0x74 ./Src/led.o
 .debug_macro   0x00017241      0x225 ./Src/main.o
 .debug_macro   0x00017466       0x61 ./Src/main.o
 .debug_macro   0x000174c7       0x2a ./Src/main.o
 .debug_macro   0x000174f1       0x43 ./Src/main.o
 .debug_macro   0x00017534       0x34 ./Src/main.o
 .debug_macro   0x00017568       0x16 ./Src/main.o
 .debug_macro   0x0001757e       0x9e ./Src/main.o
 .debug_macro   0x0001761c      0x369 ./Src/main.o
 .debug_macro   0x00017985      0x10b ./Src/main.o
 .debug_macro   0x00017a90       0x10 ./Src/main.o
 .debug_macro   0x00017aa0       0x16 ./Src/main.o
 .debug_macro   0x00017ab6       0x43 ./Src/main.o
 .debug_macro   0x00017af9       0x34 ./Src/main.o
 .debug_macro   0x00017b2d       0x10 ./Src/main.o
 .debug_macro   0x00017b3d       0x58 ./Src/main.o
 .debug_macro   0x00017b95       0x8e ./Src/main.o
 .debug_macro   0x00017c23       0x1c ./Src/main.o
 .debug_macro   0x00017c3f      0x177 ./Src/main.o
 .debug_macro   0x00017db6       0x16 ./Src/main.o
 .debug_macro   0x00017dcc       0x16 ./Src/main.o
 .debug_macro   0x00017de2      0x146 ./Src/main.o
 .debug_macro   0x00017f28       0xf1 ./Src/main.o
 .debug_macro   0x00018019      0x15a ./Src/main.o
 .debug_macro   0x00018173       0xe4 ./Src/main.o
 .debug_macro   0x00018257       0x1c ./Src/main.o
 .debug_macro   0x00018273       0x26 ./Src/main.o
 .debug_macro   0x00018299       0x16 ./Src/main.o
 .debug_macro   0x000182af       0x35 ./Src/main.o
 .debug_macro   0x000182e4      0x50c ./Src/main.o
 .debug_macro   0x000187f0       0xb5 ./Src/main.o
 .debug_macro   0x000188a5      0x120 ./Src/main.o
 .debug_macro   0x000189c5       0xe1 ./Src/system_stm32f4xx.o
 .debug_macro   0x00018aa6       0x2e ./Src/system_stm32f4xx.o
 .debug_macro   0x00018ad4       0x4a ./Src/system_stm32f4xx.o
 .debug_macro   0x00018b1e      0x1a5 ./thirdparty/FreeRTOS/list.o
 .debug_macro   0x00018cc3      0x28b ./thirdparty/FreeRTOS/tasks.o
 .debug_macro   0x00018f4e       0x10 ./thirdparty/FreeRTOS/tasks.o
 .debug_macro   0x00018f5e      0x233 ./thirdparty/FreeRTOS/portable/GCC/ARM_CM4F/port.o
 .debug_macro   0x00019191      0x1c0 ./thirdparty/FreeRTOS/portable/MemMang/heap_4.o

.debug_line     0x00000000     0x41d3
 .debug_line    0x00000000      0x4da ./Src/led.o
 .debug_line    0x000004da      0x6a5 ./Src/main.o
 .debug_line    0x00000b7f      0x4de ./Src/system_stm32f4xx.o
 .debug_line    0x0000105d       0x7b ./Startup/startup_stm32f407vgtx.o
 .debug_line    0x000010d8      0x699 ./thirdparty/FreeRTOS/list.o
 .debug_line    0x00001771     0x1930 ./thirdparty/FreeRTOS/tasks.o
 .debug_line    0x000030a1      0x874 ./thirdparty/FreeRTOS/portable/GCC/ARM_CM4F/port.o
 .debug_line    0x00003915      0x8be ./thirdparty/FreeRTOS/portable/MemMang/heap_4.o

.debug_str      0x00000000    0x92e84
 .debug_str     0x00000000    0x87c2e ./Src/led.o
                              0x87db0 (size before relaxing)
 .debug_str     0x00087c2e     0x8550 ./Src/main.o
                              0x8feb7 (size before relaxing)
 .debug_str     0x0009017e      0x157 ./Src/system_stm32f4xx.o
                              0x87e3c (size before relaxing)
 .debug_str     0x000902d5       0x3f ./Startup/startup_stm32f407vgtx.o
                                 0x87 (size before relaxing)
 .debug_str     0x00090314      0x253 ./thirdparty/FreeRTOS/list.o
                               0xac79 (size before relaxing)
 .debug_str     0x00090567     0x1e9d ./thirdparty/FreeRTOS/tasks.o
                               0xde1b (size before relaxing)
 .debug_str     0x00092404      0x767 ./thirdparty/FreeRTOS/portable/GCC/ARM_CM4F/port.o
                               0xafac (size before relaxing)
 .debug_str     0x00092b6b      0x319 ./thirdparty/FreeRTOS/portable/MemMang/heap_4.o
                               0xc142 (size before relaxing)

.comment        0x00000000       0x43
 .comment       0x00000000       0x43 ./Src/led.o
                                 0x44 (size before relaxing)
 .comment       0x00000043       0x44 ./Src/main.o
 .comment       0x00000043       0x44 ./Src/system_stm32f4xx.o
 .comment       0x00000043       0x44 ./thirdparty/FreeRTOS/list.o
 .comment       0x00000043       0x44 ./thirdparty/FreeRTOS/tasks.o
 .comment       0x00000043       0x44 ./thirdparty/FreeRTOS/portable/GCC/ARM_CM4F/port.o
 .comment       0x00000043       0x44 ./thirdparty/FreeRTOS/portable/MemMang/heap_4.o

.debug_frame    0x00000000     0x104c
 .debug_frame   0x00000000       0xd4 ./Src/led.o
 .debug_frame   0x000000d4       0xb0 ./Src/main.o
 .debug_frame   0x00000184       0x84 ./Src/system_stm32f4xx.o
 .debug_frame   0x00000208       0xd8 ./thirdparty/FreeRTOS/list.o
 .debug_frame   0x000002e0      0x768 ./thirdparty/FreeRTOS/tasks.o
 .debug_frame   0x00000a48      0x1a8 ./thirdparty/FreeRTOS/portable/GCC/ARM_CM4F/port.o
 .debug_frame   0x00000bf0      0x12c ./thirdparty/FreeRTOS/portable/MemMang/heap_4.o
 .debug_frame   0x00000d1c      0x144 /opt/st/stm32cubeide_1.15.0/plugins/com.st.stm32cube.ide.mcu.externaltools.gnu-tools-for-stm32.12.3.rel1.linux64_1.0.100.202403111256/tools/bin/../lib/gcc/arm-none-eabi/12.3.1/../../../../arm-none-eabi/lib/thumb/v7e-m+fp/hard/libc_nano.a(libc_a-findfp.o)
 .debug_frame   0x00000e60       0x20 /opt/st/stm32cubeide_1.15.0/plugins/com.st.stm32cube.ide.mcu.externaltools.gnu-tools-for-stm32.12.3.rel1.linux64_1.0.100.202403111256/tools/bin/../lib/gcc/arm-none-eabi/12.3.1/../../../../arm-none-eabi/lib/thumb/v7e-m+fp/hard/libc_nano.a(libc_a-memset.o)
 .debug_frame   0x00000e80       0x38 /opt/st/stm32cubeide_1.15.0/plugins/com.st.stm32cube.ide.mcu.externaltools.gnu-tools-for-stm32.12.3.rel1.linux64_1.0.100.202403111256/tools/bin/../lib/gcc/arm-none-eabi/12.3.1/../../../../arm-none-eabi/lib/thumb/v7e-m+fp/hard/libc_nano.a(libc_a-reent.o)
 .debug_frame   0x00000eb8       0x2c /opt/st/stm32cubeide_1.15.0/plugins/com.st.stm32cube.ide.mcu.externaltools.gnu-tools-for-stm32.12.3.rel1.linux64_1.0.100.202403111256/tools/bin/../lib/gcc/arm-none-eabi/12.3.1/../../../../arm-none-eabi/lib/thumb/v7e-m+fp/hard/libc_nano.a(libc_a-init.o)
 .debug_frame   0x00000ee4       0xb0 /opt/st/stm32cubeide_1.15.0/plugins/com.st.stm32cube.ide.mcu.externaltools.gnu-tools-for-stm32.12.3.rel1.linux64_1.0.100.202403111256/tools/bin/../lib/gcc/arm-none-eabi/12.3.1/../../../../arm-none-eabi/lib/thumb/v7e-m+fp/hard/libc_nano.a(libc_a-lock.o)
 .debug_frame   0x00000f94       0x38 /opt/st/stm32cubeide_1.15.0/plugins/com.st.stm32cube.ide.mcu.externaltools.gnu-tools-for-stm32.12.3.rel1.linux64_1.0.100.202403111256/tools/bin/../lib/gcc/arm-none-eabi/12.3.1/../../../../arm-none-eabi/lib/thumb/v7e-m+fp/hard/libc_nano.a(libc_a-freer.o)
 .debug_frame   0x00000fcc       0x50 /opt/st/stm32cubeide_1.15.0/plugins/com.st.stm32cube.ide.mcu.externaltools.gnu-tools-for-stm32.12.3.rel1.linux64_1.0.100.202403111256/tools/bin/../lib/gcc/arm-none-eabi/12.3.1/../../../../arm-none-eabi/lib/thumb/v7e-m+fp/hard/libc_nano.a(libc_a-mallocr.o)
 .debug_frame   0x0000101c       0x30 /opt/st/stm32cubeide_1.15.0/plugins/com.st.stm32cube.ide.mcu.externaltools.gnu-tools-for-stm32.12.3.rel1.linux64_1.0.100.202403111256/tools/bin/../lib/gcc/arm-none-eabi/12.3.1/../../../../arm-none-eabi/lib/thumb/v7e-m+fp/hard/libc_nano.a(libc_a-mlock.o)

.debug_loclists
                0x00000000       0x1f
 .debug_loclists
                0x00000000       0x1f ./Src/system_stm32f4xx.o

.debug_line_str
                0x00000000       0x6b
 .debug_line_str
                0x00000000       0x6b ./Startup/startup_stm32f407vgtx.o
